ARM Linker, RVCT4.0 [Build 524] for uVision [Evaluation]

==============================================================================

Section Cross References

    stm32f10x.o(RESET) refers to stm32f10x.o(STACK) for __initial_sp
    stm32f10x.o(RESET) refers to stm32f10x.o(.text) for Reset_Handler
    stm32f10x.o(RESET) refers to stm32f10x_it.o(.text) for WWDG_IRQHandler
    stm32f10x.o(.text) refers to entry.o(.ARM.Collect$$$$00000000) for __main
    stm32f10x_gpio.o(.text) refers to stm32f10x_rcc.o(.text) for RCC_APB2PeriphResetCmd
    stm32f10x_rcc.o(.text) refers to stm32f10x_rcc.o(.constdata) for .constdata
    stm32f10x_usart.o(.text) refers to stm32f10x_rcc.o(.text) for RCC_APB2PeriphResetCmd
    stm32f10x_tim.o(.text) refers to stm32f10x_rcc.o(.text) for RCC_APB2PeriphResetCmd
    stm32f10x_it.o(.text) refers to stm32f10x_tim.o(.text) for TIM_GetITStatus
    stm32f10x_it.o(.text) refers to stm32f10x_it.o(.data) for count
    main.o(.text) refers to stm32f10x_systick.o(.text) for SysTick_SetReload
    main.o(.text) refers to stm32f10x_gpio.o(.text) for GPIO_SetBits
    main.o(.text) refers to stm32f10x_tim.o(.text) for TIM_TimeBaseInit
    main.o(.text) refers to stm32f10x_usart.o(.text) for USART_Init
    main.o(.text) refers to stm32f10x_nvic.o(.text) for NVIC_Init
    main.o(.text) refers to stm32f10x_rcc.o(.text) for RCC_DeInit
    main.o(.text) refers to stm32f10x_flash.o(.text) for FLASH_SetLatency
    main.o(.text) refers to stm32f10x_it.o(.data) for frequency
    entry.o(.ARM.Collect$$$$00000000) refers (Special) to entry7.o(.ARM.Collect$$$$00000007) for _main_init
    entry.o(.ARM.Collect$$$$00000000) refers (Special) to entry5.o(.ARM.Collect$$$$00000004) for _main_scatterload
    entry.o(.ARM.Collect$$$$00000000) refers (Special) to entry2.o(.ARM.Collect$$$$00000001) for _main_stk
    entry2.o(.ARM.Collect$$$$00000001) refers to entry2.o(.ARM.Collect$$$$00002712) for __lit__00000000
    entry2.o(.ARM.Collect$$$$00002712) refers to stm32f10x.o(STACK) for __initial_sp
    entry2.o(__vectab_stack_and_reset_area) refers to stm32f10x.o(STACK) for __initial_sp
    entry2.o(__vectab_stack_and_reset_area) refers to entry.o(.ARM.Collect$$$$00000000) for __main
    entry5.o(.ARM.Collect$$$$00000004) refers to init.o(.text) for __scatterload
    entry7.o(.ARM.Collect$$$$00000007) refers to main.o(.text) for main
    init.o(.text) refers to entry5.o(.ARM.Collect$$$$00000004) for __main_after_scatterload


==============================================================================

Removing Unused input sections from the image.

    Removing stm32f10x.o(HEAP), (0 bytes).
    Removing stm32f10x_exti.o(.text), (336 bytes).

2 unused section(s) (total 336 bytes) removed from the image.

==============================================================================

Image Symbol Table

    Local Symbols

    Symbol Name                              Value     Ov Type        Size  Object(Section)

    ../../microlib/init/entry.s              0x00000000   Number         0  entry7.o ABSOLUTE
    ../../microlib/init/entry.s              0x00000000   Number         0  entry5.o ABSOLUTE
    ../../microlib/init/entry.s              0x00000000   Number         0  entry2.o ABSOLUTE
    ../../microlib/init/entry.s              0x00000000   Number         0  entry.o ABSOLUTE
    ..\STM32_FW\library\src\stm32f10x_flash.c 0x00000000   Number         0  stm32f10x_flash.o ABSOLUTE
    STM32F10x.s                              0x00000000   Number         0  stm32f10x.o ABSOLUTE
    dc.s                                     0x00000000   Number         0  dc.o ABSOLUTE
    handlers.s                               0x00000000   Number         0  handlers.o ABSOLUTE
    init.s                                   0x00000000   Number         0  init.o ABSOLUTE
    interrupt\stm32f10x_it.c                 0x00000000   Number         0  stm32f10x_it.o ABSOLUTE
    library\src\main.c                       0x00000000   Number         0  main.o ABSOLUTE
    library\src\stm32f10x_exti.c             0x00000000   Number         0  stm32f10x_exti.o ABSOLUTE
    library\src\stm32f10x_gpio.c             0x00000000   Number         0  stm32f10x_gpio.o ABSOLUTE
    library\src\stm32f10x_lib.c              0x00000000   Number         0  stm32f10x_lib.o ABSOLUTE
    library\src\stm32f10x_nvic.c             0x00000000   Number         0  stm32f10x_nvic.o ABSOLUTE
    library\src\stm32f10x_rcc.c              0x00000000   Number         0  stm32f10x_rcc.o ABSOLUTE
    library\src\stm32f10x_systick.c          0x00000000   Number         0  stm32f10x_systick.o ABSOLUTE
    library\src\stm32f10x_tim.c              0x00000000   Number         0  stm32f10x_tim.o ABSOLUTE
    library\src\stm32f10x_usart.c            0x00000000   Number         0  stm32f10x_usart.o ABSOLUTE
    RESET                                    0x08000000   Section      236  stm32f10x.o(RESET)
    .ARM.Collect$$$$00000000                 0x080000ec   Section        0  entry.o(.ARM.Collect$$$$00000000)
    .ARM.Collect$$$$00000001                 0x080000ec   Section        4  entry2.o(.ARM.Collect$$$$00000001)
    .ARM.Collect$$$$00000004                 0x080000f0   Section        4  entry5.o(.ARM.Collect$$$$00000004)
    .ARM.Collect$$$$00000007                 0x080000f4   Section        8  entry7.o(.ARM.Collect$$$$00000007)
    .ARM.Collect$$$$00002712                 0x080000fc   Section        4  entry2.o(.ARM.Collect$$$$00002712)
    __lit__00000000                          0x080000fc   Data           4  entry2.o(.ARM.Collect$$$$00002712)
    .text                                    0x08000100   Section       28  stm32f10x.o(.text)
    .text                                    0x0800011c   Section      796  stm32f10x_gpio.o(.text)
    .text                                    0x08000438   Section      908  stm32f10x_rcc.o(.text)
    .text                                    0x080007c4   Section     1328  stm32f10x_flash.o(.text)
    delay                                    0x08000853   Thumb Code    14  stm32f10x_flash.o(.text)
    .text                                    0x08000cf4   Section      880  stm32f10x_usart.o(.text)
    .text                                    0x08001064   Section      964  stm32f10x_nvic.o(.text)
    .text                                    0x08001428   Section     2842  stm32f10x_tim.o(.text)
    TI4_Config                               0x0800172b   Thumb Code    66  stm32f10x_tim.o(.text)
    TI3_Config                               0x0800177f   Thumb Code    60  stm32f10x_tim.o(.text)
    TI2_Config                               0x080017d1   Thumb Code    80  stm32f10x_tim.o(.text)
    TI1_Config                               0x08001833   Thumb Code    50  stm32f10x_tim.o(.text)
    .text                                    0x08001f42   Section      194  stm32f10x_systick.o(.text)
    .text                                    0x08002004   Section      256  stm32f10x_it.o(.text)
    .text                                    0x08002104   Section     1184  main.o(.text)
    .text                                    0x080025a4   Section       36  init.o(.text)
    i.__scatterload_copy                     0x080025c8   Section       14  handlers.o(i.__scatterload_copy)
    i.__scatterload_null                     0x080025d6   Section        2  handlers.o(i.__scatterload_null)
    i.__scatterload_zeroinit                 0x080025d8   Section       14  handlers.o(i.__scatterload_zeroinit)
    .constdata                               0x080025e6   Section       20  stm32f10x_rcc.o(.constdata)
    APBAHBPrescTable                         0x080025e6   Data          16  stm32f10x_rcc.o(.constdata)
    ADCPrescTable                            0x080025f6   Data           4  stm32f10x_rcc.o(.constdata)
    .data                                    0x20000000   Section       24  stm32f10x_it.o(.data)
    STACK                                    0x20000018   Section      512  stm32f10x.o(STACK)

    Global Symbols

    Symbol Name                              Value     Ov Type        Size  Object(Section)

    BuildAttributes$$THM_ISAv4$P$D$K$B$S$PE$A:L22UL41UL21$X:L11$S22US41US21$IEEE1$IW$USESV6$~STKCKD$USESV7$~SHL$OSPACE$EBA8$MICROLIB$REQ8$PRES8$EABIv2 0x00000000   Number         0  anon$$obj.o ABSOLUTE
    __ARM_use_no_argv                        0x00000000   Number         0  main.o ABSOLUTE
    __decompress                              - Undefined Weak Reference
    __Vectors                                0x08000000   Data           4  stm32f10x.o(RESET)
    __main                                   0x080000ed   Thumb Code     0  entry.o(.ARM.Collect$$$$00000000)
    _main_stk                                0x080000ed   Thumb Code     0  entry2.o(.ARM.Collect$$$$00000001)
    _main_scatterload                        0x080000f1   Thumb Code     0  entry5.o(.ARM.Collect$$$$00000004)
    __main_after_scatterload                 0x080000f5   Thumb Code     0  entry5.o(.ARM.Collect$$$$00000004)
    _main_init                               0x080000f5   Thumb Code     0  entry7.o(.ARM.Collect$$$$00000007)
    Reset_Handler                            0x08000101   Thumb Code     4  stm32f10x.o(.text)
    NMI_Handler                              0x08000105   Thumb Code     2  stm32f10x.o(.text)
    HardFault_Handler                        0x08000107   Thumb Code     2  stm32f10x.o(.text)
    MemManage_Handler                        0x08000109   Thumb Code     2  stm32f10x.o(.text)
    BusFault_Handler                         0x0800010b   Thumb Code     2  stm32f10x.o(.text)
    UsageFault_Handler                       0x0800010d   Thumb Code     2  stm32f10x.o(.text)
    SVC_Handler                              0x0800010f   Thumb Code     2  stm32f10x.o(.text)
    DebugMon_Handler                         0x08000111   Thumb Code     2  stm32f10x.o(.text)
    PendSV_Handler                           0x08000113   Thumb Code     2  stm32f10x.o(.text)
    SysTick_Handler                          0x08000115   Thumb Code     2  stm32f10x.o(.text)
    ADC_IRQHandler                           0x08000117   Thumb Code     0  stm32f10x.o(.text)
    DMAChannel1_IRQHandler                   0x08000117   Thumb Code     0  stm32f10x.o(.text)
    DMAChannel2_IRQHandler                   0x08000117   Thumb Code     0  stm32f10x.o(.text)
    DMAChannel3_IRQHandler                   0x08000117   Thumb Code     0  stm32f10x.o(.text)
    DMAChannel4_IRQHandler                   0x08000117   Thumb Code     0  stm32f10x.o(.text)
    DMAChannel5_IRQHandler                   0x08000117   Thumb Code     0  stm32f10x.o(.text)
    DMAChannel6_IRQHandler                   0x08000117   Thumb Code     0  stm32f10x.o(.text)
    DMAChannel7_IRQHandler                   0x08000117   Thumb Code     0  stm32f10x.o(.text)
    GPIO_DeInit                              0x0800011d   Thumb Code   188  stm32f10x_gpio.o(.text)
    GPIO_AFIODeInit                          0x080001d9   Thumb Code    20  stm32f10x_gpio.o(.text)
    GPIO_Init                                0x080001ed   Thumb Code   268  stm32f10x_gpio.o(.text)
    GPIO_StructInit                          0x080002f9   Thumb Code    16  stm32f10x_gpio.o(.text)
    GPIO_ReadInputDataBit                    0x08000309   Thumb Code    18  stm32f10x_gpio.o(.text)
    GPIO_ReadInputData                       0x0800031b   Thumb Code     8  stm32f10x_gpio.o(.text)
    GPIO_ReadOutputDataBit                   0x08000323   Thumb Code    18  stm32f10x_gpio.o(.text)
    GPIO_ReadOutputData                      0x08000335   Thumb Code     8  stm32f10x_gpio.o(.text)
    GPIO_SetBits                             0x0800033d   Thumb Code     4  stm32f10x_gpio.o(.text)
    GPIO_ResetBits                           0x08000341   Thumb Code     4  stm32f10x_gpio.o(.text)
    GPIO_WriteBit                            0x08000345   Thumb Code    10  stm32f10x_gpio.o(.text)
    GPIO_Write                               0x0800034f   Thumb Code     4  stm32f10x_gpio.o(.text)
    GPIO_PinLockConfig                       0x08000353   Thumb Code    18  stm32f10x_gpio.o(.text)
    GPIO_EventOutputConfig                   0x08000365   Thumb Code    24  stm32f10x_gpio.o(.text)
    GPIO_EventOutputCmd                      0x0800037d   Thumb Code     6  stm32f10x_gpio.o(.text)
    GPIO_PinRemapConfig                      0x08000383   Thumb Code   104  stm32f10x_gpio.o(.text)
    GPIO_EXTILineConfig                      0x080003eb   Thumb Code    60  stm32f10x_gpio.o(.text)
    RCC_DeInit                               0x08000439   Thumb Code    62  stm32f10x_rcc.o(.text)
    RCC_HSEConfig                            0x08000477   Thumb Code    70  stm32f10x_rcc.o(.text)
    RCC_GetFlagStatus                        0x080004bd   Thumb Code    56  stm32f10x_rcc.o(.text)
    RCC_WaitForHSEStartUp                    0x080004f5   Thumb Code    46  stm32f10x_rcc.o(.text)
    RCC_AdjustHSICalibrationValue            0x08000523   Thumb Code    18  stm32f10x_rcc.o(.text)
    RCC_HSICmd                               0x08000535   Thumb Code     6  stm32f10x_rcc.o(.text)
    RCC_PLLConfig                            0x0800053b   Thumb Code    22  stm32f10x_rcc.o(.text)
    RCC_PLLCmd                               0x08000551   Thumb Code     6  stm32f10x_rcc.o(.text)
    RCC_SYSCLKConfig                         0x08000557   Thumb Code    16  stm32f10x_rcc.o(.text)
    RCC_GetSYSCLKSource                      0x08000567   Thumb Code    10  stm32f10x_rcc.o(.text)
    RCC_HCLKConfig                           0x08000571   Thumb Code    16  stm32f10x_rcc.o(.text)
    RCC_PCLK1Config                          0x08000581   Thumb Code    16  stm32f10x_rcc.o(.text)
    RCC_PCLK2Config                          0x08000591   Thumb Code    18  stm32f10x_rcc.o(.text)
    RCC_ITConfig                             0x080005a3   Thumb Code    30  stm32f10x_rcc.o(.text)
    RCC_USBCLKConfig                         0x080005c1   Thumb Code     8  stm32f10x_rcc.o(.text)
    RCC_ADCCLKConfig                         0x080005c9   Thumb Code    16  stm32f10x_rcc.o(.text)
    RCC_LSEConfig                            0x080005d9   Thumb Code    50  stm32f10x_rcc.o(.text)
    RCC_LSICmd                               0x0800060b   Thumb Code     6  stm32f10x_rcc.o(.text)
    RCC_RTCCLKConfig                         0x08000611   Thumb Code    12  stm32f10x_rcc.o(.text)
    RCC_RTCCLKCmd                            0x0800061d   Thumb Code     8  stm32f10x_rcc.o(.text)
    RCC_GetClocksFreq                        0x08000625   Thumb Code   194  stm32f10x_rcc.o(.text)
    RCC_AHBPeriphClockCmd                    0x080006e7   Thumb Code    26  stm32f10x_rcc.o(.text)
    RCC_APB2PeriphClockCmd                   0x08000701   Thumb Code    26  stm32f10x_rcc.o(.text)
    RCC_APB1PeriphClockCmd                   0x0800071b   Thumb Code    26  stm32f10x_rcc.o(.text)
    RCC_APB2PeriphResetCmd                   0x08000735   Thumb Code    26  stm32f10x_rcc.o(.text)
    RCC_APB1PeriphResetCmd                   0x0800074f   Thumb Code    26  stm32f10x_rcc.o(.text)
    RCC_BackupResetCmd                       0x08000769   Thumb Code     8  stm32f10x_rcc.o(.text)
    RCC_ClockSecuritySystemCmd               0x08000771   Thumb Code     6  stm32f10x_rcc.o(.text)
    RCC_MCOConfig                            0x08000777   Thumb Code     6  stm32f10x_rcc.o(.text)
    RCC_ClearFlag                            0x0800077d   Thumb Code    14  stm32f10x_rcc.o(.text)
    RCC_GetITStatus                          0x0800078b   Thumb Code    20  stm32f10x_rcc.o(.text)
    RCC_ClearITPendingBit                    0x0800079f   Thumb Code     6  stm32f10x_rcc.o(.text)
    FLASH_SetLatency                         0x080007c5   Thumb Code    22  stm32f10x_flash.o(.text)
    FLASH_HalfCycleAccessCmd                 0x080007db   Thumb Code    22  stm32f10x_flash.o(.text)
    FLASH_PrefetchBufferCmd                  0x080007f1   Thumb Code    22  stm32f10x_flash.o(.text)
    FLASH_Unlock                             0x08000807   Thumb Code    12  stm32f10x_flash.o(.text)
    FLASH_Lock                               0x08000813   Thumb Code    14  stm32f10x_flash.o(.text)
    FLASH_GetStatus                          0x08000821   Thumb Code    50  stm32f10x_flash.o(.text)
    FLASH_WaitForLastOperation               0x08000861   Thumb Code    42  stm32f10x_flash.o(.text)
    FLASH_ErasePage                          0x0800088b   Thumb Code    76  stm32f10x_flash.o(.text)
    FLASH_EraseAllPages                      0x080008d7   Thumb Code    72  stm32f10x_flash.o(.text)
    FLASH_EraseOptionBytes                   0x0800091f   Thumb Code   142  stm32f10x_flash.o(.text)
    FLASH_ProgramWord                        0x080009ad   Thumb Code   100  stm32f10x_flash.o(.text)
    FLASH_ProgramHalfWord                    0x08000a11   Thumb Code    64  stm32f10x_flash.o(.text)
    FLASH_ProgramOptionByteData              0x08000a51   Thumb Code    72  stm32f10x_flash.o(.text)
    FLASH_EnableWriteProtection              0x08000a99   Thumb Code   188  stm32f10x_flash.o(.text)
    FLASH_ReadOutProtection                  0x08000b55   Thumb Code   178  stm32f10x_flash.o(.text)
    FLASH_UserOptionByteConfig               0x08000c07   Thumb Code    94  stm32f10x_flash.o(.text)
    FLASH_GetUserOptionByte                  0x08000c65   Thumb Code     8  stm32f10x_flash.o(.text)
    FLASH_GetWriteProtectionOptionByte       0x08000c6d   Thumb Code     6  stm32f10x_flash.o(.text)
    FLASH_GetReadOutProtectionStatus         0x08000c73   Thumb Code    20  stm32f10x_flash.o(.text)
    FLASH_GetPrefetchBufferStatus            0x08000c87   Thumb Code    20  stm32f10x_flash.o(.text)
    FLASH_ITConfig                           0x08000c9b   Thumb Code    26  stm32f10x_flash.o(.text)
    FLASH_GetFlagStatus                      0x08000cb5   Thumb Code    42  stm32f10x_flash.o(.text)
    FLASH_ClearFlag                          0x08000cdf   Thumb Code     6  stm32f10x_flash.o(.text)
    USART_DeInit                             0x08000cf5   Thumb Code   146  stm32f10x_usart.o(.text)
    USART_Init                               0x08000d87   Thumb Code   150  stm32f10x_usart.o(.text)
    USART_StructInit                         0x08000e1d   Thumb Code    24  stm32f10x_usart.o(.text)
    USART_ClockInit                          0x08000e35   Thumb Code    32  stm32f10x_usart.o(.text)
    USART_ClockStructInit                    0x08000e55   Thumb Code    12  stm32f10x_usart.o(.text)
    USART_Cmd                                0x08000e61   Thumb Code    24  stm32f10x_usart.o(.text)
    USART_ITConfig                           0x08000e79   Thumb Code    62  stm32f10x_usart.o(.text)
    USART_DMACmd                             0x08000eb7   Thumb Code    24  stm32f10x_usart.o(.text)
    USART_SetAddress                         0x08000ecf   Thumb Code    18  stm32f10x_usart.o(.text)
    USART_WakeUpConfig                       0x08000ee1   Thumb Code    18  stm32f10x_usart.o(.text)
    USART_ReceiverWakeUpCmd                  0x08000ef3   Thumb Code    24  stm32f10x_usart.o(.text)
    USART_LINBreakDetectLengthConfig         0x08000f0b   Thumb Code    18  stm32f10x_usart.o(.text)
    USART_LINCmd                             0x08000f1d   Thumb Code    24  stm32f10x_usart.o(.text)
    USART_SendData                           0x08000f35   Thumb Code     8  stm32f10x_usart.o(.text)
    USART_ReceiveData                        0x08000f3d   Thumb Code    10  stm32f10x_usart.o(.text)
    USART_SendBreak                          0x08000f47   Thumb Code    10  stm32f10x_usart.o(.text)
    USART_SetGuardTime                       0x08000f51   Thumb Code    16  stm32f10x_usart.o(.text)
    USART_SetPrescaler                       0x08000f61   Thumb Code    16  stm32f10x_usart.o(.text)
    USART_SmartCardCmd                       0x08000f71   Thumb Code    24  stm32f10x_usart.o(.text)
    USART_SmartCardNACKCmd                   0x08000f89   Thumb Code    24  stm32f10x_usart.o(.text)
    USART_HalfDuplexCmd                      0x08000fa1   Thumb Code    24  stm32f10x_usart.o(.text)
    USART_IrDAConfig                         0x08000fb9   Thumb Code    18  stm32f10x_usart.o(.text)
    USART_IrDACmd                            0x08000fcb   Thumb Code    24  stm32f10x_usart.o(.text)
    USART_GetFlagStatus                      0x08000fe3   Thumb Code    18  stm32f10x_usart.o(.text)
    USART_ClearFlag                          0x08000ff5   Thumb Code     6  stm32f10x_usart.o(.text)
    USART_GetITStatus                        0x08000ffb   Thumb Code    74  stm32f10x_usart.o(.text)
    USART_ClearITPendingBit                  0x08001045   Thumb Code    20  stm32f10x_usart.o(.text)
    NVIC_DeInit                              0x08001065   Thumb Code    54  stm32f10x_nvic.o(.text)
    NVIC_SCBDeInit                           0x0800109b   Thumb Code    92  stm32f10x_nvic.o(.text)
    NVIC_PriorityGroupConfig                 0x080010f7   Thumb Code    12  stm32f10x_nvic.o(.text)
    NVIC_Init                                0x08001103   Thumb Code   154  stm32f10x_nvic.o(.text)
    NVIC_StructInit                          0x0800119d   Thumb Code    12  stm32f10x_nvic.o(.text)
    NVIC_SETPRIMASK                          0x080011a9   Thumb Code     2  stm32f10x_nvic.o(.text)
    NVIC_RESETPRIMASK                        0x080011ab   Thumb Code     2  stm32f10x_nvic.o(.text)
    NVIC_SETFAULTMASK                        0x080011ad   Thumb Code     2  stm32f10x_nvic.o(.text)
    NVIC_RESETFAULTMASK                      0x080011af   Thumb Code     2  stm32f10x_nvic.o(.text)
    NVIC_BASEPRICONFIG                       0x080011b1   Thumb Code     2  stm32f10x_nvic.o(.text)
    NVIC_GetCurrentPendingIRQChannel         0x080011b3   Thumb Code    10  stm32f10x_nvic.o(.text)
    NVIC_GetIRQChannelPendingBitStatus       0x080011bd   Thumb Code    42  stm32f10x_nvic.o(.text)
    NVIC_SetIRQChannelPendingBit             0x080011e7   Thumb Code     6  stm32f10x_nvic.o(.text)
    NVIC_ClearIRQChannelPendingBit           0x080011ed   Thumb Code    20  stm32f10x_nvic.o(.text)
    NVIC_GetCurrentActiveHandler             0x08001201   Thumb Code    10  stm32f10x_nvic.o(.text)
    NVIC_GetIRQChannelActiveBitStatus        0x0800120b   Thumb Code    42  stm32f10x_nvic.o(.text)
    NVIC_GetCPUID                            0x08001235   Thumb Code     8  stm32f10x_nvic.o(.text)
    NVIC_SetVectorTable                      0x0800123d   Thumb Code    14  stm32f10x_nvic.o(.text)
    NVIC_GenerateSystemReset                 0x0800124b   Thumb Code    12  stm32f10x_nvic.o(.text)
    NVIC_GenerateCoreReset                   0x08001257   Thumb Code    12  stm32f10x_nvic.o(.text)
    NVIC_SystemLPConfig                      0x08001263   Thumb Code    38  stm32f10x_nvic.o(.text)
    NVIC_SystemHandlerConfig                 0x08001289   Thumb Code    52  stm32f10x_nvic.o(.text)
    NVIC_SystemHandlerPriorityConfig         0x080012bd   Thumb Code    98  stm32f10x_nvic.o(.text)
    NVIC_GetSystemHandlerPendingBitStatus    0x0800131f   Thumb Code    44  stm32f10x_nvic.o(.text)
    NVIC_SetSystemHandlerPendingBit          0x0800134b   Thumb Code    26  stm32f10x_nvic.o(.text)
    NVIC_ClearSystemHandlerPendingBit        0x08001365   Thumb Code    30  stm32f10x_nvic.o(.text)
    NVIC_GetSystemHandlerActiveBitStatus     0x08001383   Thumb Code    42  stm32f10x_nvic.o(.text)
    NVIC_GetFaultHandlerSources              0x080013ad   Thumb Code    66  stm32f10x_nvic.o(.text)
    NVIC_GetFaultAddress                     0x080013ef   Thumb Code    28  stm32f10x_nvic.o(.text)
    TIM_DeInit                               0x08001429   Thumb Code   214  stm32f10x_tim.o(.text)
    TIM_TimeBaseInit                         0x080014ff   Thumb Code    50  stm32f10x_tim.o(.text)
    TIM_OC1Init                              0x08001531   Thumb Code   110  stm32f10x_tim.o(.text)
    TIM_OC2Init                              0x0800159f   Thumb Code   140  stm32f10x_tim.o(.text)
    TIM_OC3Init                              0x0800162b   Thumb Code   136  stm32f10x_tim.o(.text)
    TIM_OC4Init                              0x080016b3   Thumb Code    98  stm32f10x_tim.o(.text)
    TIM_SetIC4Prescaler                      0x08001715   Thumb Code    22  stm32f10x_tim.o(.text)
    TIM_SetIC3Prescaler                      0x0800176d   Thumb Code    18  stm32f10x_tim.o(.text)
    TIM_SetIC2Prescaler                      0x080017bb   Thumb Code    22  stm32f10x_tim.o(.text)
    TIM_SetIC1Prescaler                      0x08001821   Thumb Code    18  stm32f10x_tim.o(.text)
    TIM_ICInit                               0x08001865   Thumb Code   110  stm32f10x_tim.o(.text)
    TIM_PWMIConfig                           0x080018d3   Thumb Code   124  stm32f10x_tim.o(.text)
    TIM_BDTRConfig                           0x0800194f   Thumb Code    32  stm32f10x_tim.o(.text)
    TIM_TimeBaseStructInit                   0x0800196f   Thumb Code    18  stm32f10x_tim.o(.text)
    TIM_OCStructInit                         0x08001981   Thumb Code    20  stm32f10x_tim.o(.text)
    TIM_ICStructInit                         0x08001995   Thumb Code    18  stm32f10x_tim.o(.text)
    TIM_BDTRStructInit                       0x080019a7   Thumb Code    18  stm32f10x_tim.o(.text)
    TIM_Cmd                                  0x080019b9   Thumb Code    24  stm32f10x_tim.o(.text)
    TIM_CtrlPWMOutputs                       0x080019d1   Thumb Code    30  stm32f10x_tim.o(.text)
    TIM_ITConfig                             0x080019ef   Thumb Code    24  stm32f10x_tim.o(.text)
    TIM_GenerateEvent                        0x08001a07   Thumb Code     4  stm32f10x_tim.o(.text)
    TIM_DMAConfig                            0x08001a0b   Thumb Code    10  stm32f10x_tim.o(.text)
    TIM_DMACmd                               0x08001a15   Thumb Code    24  stm32f10x_tim.o(.text)
    TIM_InternalClockConfig                  0x08001a2d   Thumb Code    12  stm32f10x_tim.o(.text)
    TIM_SelectInputTrigger                   0x08001a39   Thumb Code    16  stm32f10x_tim.o(.text)
    TIM_ITRxExternalClockConfig              0x08001a49   Thumb Code    24  stm32f10x_tim.o(.text)
    TIM_TIxExternalClockConfig               0x08001a61   Thumb Code    62  stm32f10x_tim.o(.text)
    TIM_ETRConfig                            0x08001a9f   Thumb Code    24  stm32f10x_tim.o(.text)
    TIM_ETRClockMode1Config                  0x08001ab7   Thumb Code    54  stm32f10x_tim.o(.text)
    TIM_ETRClockMode2Config                  0x08001aed   Thumb Code    32  stm32f10x_tim.o(.text)
    TIM_PrescalerConfig                      0x08001b0d   Thumb Code     6  stm32f10x_tim.o(.text)
    TIM_CounterModeConfig                    0x08001b13   Thumb Code    16  stm32f10x_tim.o(.text)
    TIM_EncoderInterfaceConfig               0x08001b23   Thumb Code    56  stm32f10x_tim.o(.text)
    TIM_ForcedOC1Config                      0x08001b5b   Thumb Code    16  stm32f10x_tim.o(.text)
    TIM_ForcedOC2Config                      0x08001b6b   Thumb Code    20  stm32f10x_tim.o(.text)
    TIM_ForcedOC3Config                      0x08001b7f   Thumb Code    16  stm32f10x_tim.o(.text)
    TIM_ForcedOC4Config                      0x08001b8f   Thumb Code    20  stm32f10x_tim.o(.text)
    TIM_ARRPreloadConfig                     0x08001ba3   Thumb Code    24  stm32f10x_tim.o(.text)
    TIM_SelectCOM                            0x08001bbb   Thumb Code    24  stm32f10x_tim.o(.text)
    TIM_SelectCCDMA                          0x08001bd3   Thumb Code    24  stm32f10x_tim.o(.text)
    TIM_CCPreloadControl                     0x08001beb   Thumb Code    24  stm32f10x_tim.o(.text)
    TIM_OC1PreloadConfig                     0x08001c03   Thumb Code    16  stm32f10x_tim.o(.text)
    TIM_OC2PreloadConfig                     0x08001c13   Thumb Code    20  stm32f10x_tim.o(.text)
    TIM_OC3PreloadConfig                     0x08001c27   Thumb Code    16  stm32f10x_tim.o(.text)
    TIM_OC4PreloadConfig                     0x08001c37   Thumb Code    20  stm32f10x_tim.o(.text)
    TIM_OC1FastConfig                        0x08001c4b   Thumb Code    16  stm32f10x_tim.o(.text)
    TIM_OC2FastConfig                        0x08001c5b   Thumb Code    20  stm32f10x_tim.o(.text)
    TIM_OC3FastConfig                        0x08001c6f   Thumb Code    16  stm32f10x_tim.o(.text)
    TIM_OC4FastConfig                        0x08001c7f   Thumb Code    20  stm32f10x_tim.o(.text)
    TIM_ClearOC1Ref                          0x08001c93   Thumb Code    16  stm32f10x_tim.o(.text)
    TIM_ClearOC2Ref                          0x08001ca3   Thumb Code    18  stm32f10x_tim.o(.text)
    TIM_ClearOC3Ref                          0x08001cb5   Thumb Code    16  stm32f10x_tim.o(.text)
    TIM_ClearOC4Ref                          0x08001cc5   Thumb Code    18  stm32f10x_tim.o(.text)
    TIM_OC1PolarityConfig                    0x08001cd7   Thumb Code    16  stm32f10x_tim.o(.text)
    TIM_OC1NPolarityConfig                   0x08001ce7   Thumb Code    16  stm32f10x_tim.o(.text)
    TIM_OC2PolarityConfig                    0x08001cf7   Thumb Code    20  stm32f10x_tim.o(.text)
    TIM_OC2NPolarityConfig                   0x08001d0b   Thumb Code    20  stm32f10x_tim.o(.text)
    TIM_OC3PolarityConfig                    0x08001d1f   Thumb Code    20  stm32f10x_tim.o(.text)
    TIM_OC3NPolarityConfig                   0x08001d33   Thumb Code    20  stm32f10x_tim.o(.text)
    TIM_OC4PolarityConfig                    0x08001d47   Thumb Code    20  stm32f10x_tim.o(.text)
    TIM_CCxCmd                               0x08001d5b   Thumb Code    30  stm32f10x_tim.o(.text)
    TIM_CCxNCmd                              0x08001d79   Thumb Code    30  stm32f10x_tim.o(.text)
    TIM_SelectOCxM                           0x08001d97   Thumb Code   142  stm32f10x_tim.o(.text)
    TIM_UpdateDisableConfig                  0x08001e25   Thumb Code    24  stm32f10x_tim.o(.text)
    TIM_UpdateRequestConfig                  0x08001e3d   Thumb Code    24  stm32f10x_tim.o(.text)
    TIM_SelectHallSensor                     0x08001e55   Thumb Code    24  stm32f10x_tim.o(.text)
    TIM_SelectOnePulseMode                   0x08001e6d   Thumb Code    18  stm32f10x_tim.o(.text)
    TIM_SelectOutputTrigger                  0x08001e7f   Thumb Code    18  stm32f10x_tim.o(.text)
    TIM_SelectSlaveMode                      0x08001e91   Thumb Code    18  stm32f10x_tim.o(.text)
    TIM_SelectMasterSlaveMode                0x08001ea3   Thumb Code    18  stm32f10x_tim.o(.text)
    TIM_SetCounter                           0x08001eb5   Thumb Code     4  stm32f10x_tim.o(.text)
    TIM_SetAutoreload                        0x08001eb9   Thumb Code     4  stm32f10x_tim.o(.text)
    TIM_SetCompare1                          0x08001ebd   Thumb Code     4  stm32f10x_tim.o(.text)
    TIM_SetCompare2                          0x08001ec1   Thumb Code     4  stm32f10x_tim.o(.text)
    TIM_SetCompare3                          0x08001ec5   Thumb Code     4  stm32f10x_tim.o(.text)
    TIM_SetCompare4                          0x08001ec9   Thumb Code     6  stm32f10x_tim.o(.text)
    TIM_SetClockDivision                     0x08001ecf   Thumb Code    14  stm32f10x_tim.o(.text)
    TIM_GetCapture1                          0x08001edd   Thumb Code     6  stm32f10x_tim.o(.text)
    TIM_GetCapture2                          0x08001ee3   Thumb Code     6  stm32f10x_tim.o(.text)
    TIM_GetCapture3                          0x08001ee9   Thumb Code     6  stm32f10x_tim.o(.text)
    TIM_GetCapture4                          0x08001eef   Thumb Code     8  stm32f10x_tim.o(.text)
    TIM_GetCounter                           0x08001ef7   Thumb Code     6  stm32f10x_tim.o(.text)
    TIM_GetPrescaler                         0x08001efd   Thumb Code     6  stm32f10x_tim.o(.text)
    TIM_GetFlagStatus                        0x08001f03   Thumb Code    18  stm32f10x_tim.o(.text)
    TIM_ClearFlag                            0x08001f15   Thumb Code     6  stm32f10x_tim.o(.text)
    TIM_GetITStatus                          0x08001f1b   Thumb Code    34  stm32f10x_tim.o(.text)
    TIM_ClearITPendingBit                    0x08001f3d   Thumb Code     6  stm32f10x_tim.o(.text)
    SysTick_CLKSourceConfig                  0x08001f43   Thumb Code    40  stm32f10x_systick.o(.text)
    SysTick_SetReload                        0x08001f6b   Thumb Code     8  stm32f10x_systick.o(.text)
    SysTick_CounterCmd                       0x08001f73   Thumb Code    54  stm32f10x_systick.o(.text)
    SysTick_ITConfig                         0x08001fa9   Thumb Code    38  stm32f10x_systick.o(.text)
    SysTick_GetCounter                       0x08001fcf   Thumb Code     8  stm32f10x_systick.o(.text)
    SysTick_GetFlagStatus                    0x08001fd7   Thumb Code    46  stm32f10x_systick.o(.text)
    NMIException                             0x08002005   Thumb Code     2  stm32f10x_it.o(.text)
    HardFaultException                       0x08002007   Thumb Code     4  stm32f10x_it.o(.text)
    MemManageException                       0x0800200b   Thumb Code     4  stm32f10x_it.o(.text)
    BusFaultException                        0x0800200f   Thumb Code     4  stm32f10x_it.o(.text)
    UsageFaultException                      0x08002013   Thumb Code     4  stm32f10x_it.o(.text)
    DebugMonitor                             0x08002017   Thumb Code     2  stm32f10x_it.o(.text)
    SVCHandler                               0x08002019   Thumb Code     2  stm32f10x_it.o(.text)
    PendSVC                                  0x0800201b   Thumb Code     2  stm32f10x_it.o(.text)
    SysTickHandler                           0x0800201d   Thumb Code     2  stm32f10x_it.o(.text)
    WWDG_IRQHandler                          0x0800201f   Thumb Code     2  stm32f10x_it.o(.text)
    PVD_IRQHandler                           0x08002021   Thumb Code     2  stm32f10x_it.o(.text)
    TAMPER_IRQHandler                        0x08002023   Thumb Code     2  stm32f10x_it.o(.text)
    RTC_IRQHandler                           0x08002025   Thumb Code     2  stm32f10x_it.o(.text)
    FLASH_IRQHandler                         0x08002027   Thumb Code     2  stm32f10x_it.o(.text)
    RCC_IRQHandler                           0x08002029   Thumb Code     2  stm32f10x_it.o(.text)
    EXTI0_IRQHandler                         0x0800202b   Thumb Code     2  stm32f10x_it.o(.text)
    EXTI1_IRQHandler                         0x0800202d   Thumb Code     2  stm32f10x_it.o(.text)
    EXTI2_IRQHandler                         0x0800202f   Thumb Code     2  stm32f10x_it.o(.text)
    EXTI3_IRQHandler                         0x08002031   Thumb Code     2  stm32f10x_it.o(.text)
    EXTI4_IRQHandler                         0x08002033   Thumb Code     2  stm32f10x_it.o(.text)
    DMA1_Channel1_IRQHandler                 0x08002035   Thumb Code     2  stm32f10x_it.o(.text)
    DMA1_Channel2_IRQHandler                 0x08002037   Thumb Code     2  stm32f10x_it.o(.text)
    DMA1_Channel3_IRQHandler                 0x08002039   Thumb Code     2  stm32f10x_it.o(.text)
    DMA1_Channel4_IRQHandler                 0x0800203b   Thumb Code     2  stm32f10x_it.o(.text)
    DMA1_Channel5_IRQHandler                 0x0800203d   Thumb Code     2  stm32f10x_it.o(.text)
    DMA1_Channel6_IRQHandler                 0x0800203f   Thumb Code     2  stm32f10x_it.o(.text)
    DMA1_Channel7_IRQHandler                 0x08002041   Thumb Code     2  stm32f10x_it.o(.text)
    ADC1_2_IRQHandler                        0x08002043   Thumb Code     2  stm32f10x_it.o(.text)
    USB_HP_CAN_TX_IRQHandler                 0x08002045   Thumb Code     2  stm32f10x_it.o(.text)
    USB_LP_CAN_RX0_IRQHandler                0x08002047   Thumb Code     2  stm32f10x_it.o(.text)
    CAN_RX1_IRQHandler                       0x08002049   Thumb Code     2  stm32f10x_it.o(.text)
    CAN_SCE_IRQHandler                       0x0800204b   Thumb Code     2  stm32f10x_it.o(.text)
    EXTI9_5_IRQHandler                       0x0800204d   Thumb Code     2  stm32f10x_it.o(.text)
    TIM1_BRK_IRQHandler                      0x0800204f   Thumb Code     2  stm32f10x_it.o(.text)
    TIM1_UP_IRQHandler                       0x08002051   Thumb Code     2  stm32f10x_it.o(.text)
    TIM1_TRG_COM_IRQHandler                  0x08002053   Thumb Code     2  stm32f10x_it.o(.text)
    TIM1_CC_IRQHandler                       0x08002055   Thumb Code     2  stm32f10x_it.o(.text)
    TIM2_IRQHandler                          0x08002057   Thumb Code    34  stm32f10x_it.o(.text)
    TIM3_IRQHandler                          0x08002079   Thumb Code    60  stm32f10x_it.o(.text)
    TIM4_IRQHandler                          0x080020b5   Thumb Code     2  stm32f10x_it.o(.text)
    I2C1_EV_IRQHandler                       0x080020b7   Thumb Code     2  stm32f10x_it.o(.text)
    I2C1_ER_IRQHandler                       0x080020b9   Thumb Code     2  stm32f10x_it.o(.text)
    I2C2_EV_IRQHandler                       0x080020bb   Thumb Code     2  stm32f10x_it.o(.text)
    I2C2_ER_IRQHandler                       0x080020bd   Thumb Code     2  stm32f10x_it.o(.text)
    SPI1_IRQHandler                          0x080020bf   Thumb Code     2  stm32f10x_it.o(.text)
    SPI2_IRQHandler                          0x080020c1   Thumb Code     2  stm32f10x_it.o(.text)
    USART1_IRQHandler                        0x080020c3   Thumb Code     2  stm32f10x_it.o(.text)
    USART2_IRQHandler                        0x080020c5   Thumb Code     2  stm32f10x_it.o(.text)
    USART3_IRQHandler                        0x080020c7   Thumb Code     2  stm32f10x_it.o(.text)
    EXTI15_10_IRQHandler                     0x080020c9   Thumb Code     2  stm32f10x_it.o(.text)
    RTCAlarm_IRQHandler                      0x080020cb   Thumb Code     2  stm32f10x_it.o(.text)
    USBWakeUp_IRQHandler                     0x080020cd   Thumb Code     2  stm32f10x_it.o(.text)
    TIM8_BRK_IRQHandler                      0x080020cf   Thumb Code     2  stm32f10x_it.o(.text)
    TIM8_UP_IRQHandler                       0x080020d1   Thumb Code     2  stm32f10x_it.o(.text)
    TIM8_TRG_COM_IRQHandler                  0x080020d3   Thumb Code     2  stm32f10x_it.o(.text)
    TIM8_CC_IRQHandler                       0x080020d5   Thumb Code     2  stm32f10x_it.o(.text)
    ADC3_IRQHandler                          0x080020d7   Thumb Code     2  stm32f10x_it.o(.text)
    FSMC_IRQHandler                          0x080020d9   Thumb Code     2  stm32f10x_it.o(.text)
    SDIO_IRQHandler                          0x080020db   Thumb Code     2  stm32f10x_it.o(.text)
    TIM5_IRQHandler                          0x080020dd   Thumb Code     2  stm32f10x_it.o(.text)
    SPI3_IRQHandler                          0x080020df   Thumb Code     2  stm32f10x_it.o(.text)
    UART4_IRQHandler                         0x080020e1   Thumb Code     2  stm32f10x_it.o(.text)
    UART5_IRQHandler                         0x080020e3   Thumb Code     2  stm32f10x_it.o(.text)
    TIM6_IRQHandler                          0x080020e5   Thumb Code     2  stm32f10x_it.o(.text)
    TIM7_IRQHandler                          0x080020e7   Thumb Code     2  stm32f10x_it.o(.text)
    DMA2_Channel1_IRQHandler                 0x080020e9   Thumb Code     2  stm32f10x_it.o(.text)
    DMA2_Channel2_IRQHandler                 0x080020eb   Thumb Code     2  stm32f10x_it.o(.text)
    DMA2_Channel3_IRQHandler                 0x080020ed   Thumb Code     2  stm32f10x_it.o(.text)
    DMA2_Channel4_5_IRQHandler               0x080020ef   Thumb Code     2  stm32f10x_it.o(.text)
    Delay_Ms                                 0x08002105   Thumb Code    50  main.o(.text)
    Delay_S                                  0x08002137   Thumb Code    22  main.o(.text)
    L298N_Control                            0x0800214d   Thumb Code   170  main.o(.text)
    TM2_init                                 0x080021f7   Thumb Code   152  main.o(.text)
    systick_configature                      0x0800228f   Thumb Code    26  main.o(.text)
    USART_Configurataion                     0x080022a9   Thumb Code    52  main.o(.text)
    NVIC_Configuration                       0x080022dd   Thumb Code    64  main.o(.text)
    GPIO_Configurataion                      0x0800231d   Thumb Code   218  main.o(.text)
    RCC_Configuration                        0x080023f7   Thumb Code   118  main.o(.text)
    main                                     0x0800246d   Thumb Code    74  main.o(.text)
    Delay_us                                 0x080024b7   Thumb Code    46  main.o(.text)
    HCSR04_TRIG                              0x080024e5   Thumb Code   140  main.o(.text)
    Light_Distance                           0x08002571   Thumb Code    44  main.o(.text)
    __scatterload                            0x080025a5   Thumb Code    28  init.o(.text)
    __scatterload_rt2                        0x080025a5   Thumb Code     0  init.o(.text)
    __scatterload_copy                       0x080025c9   Thumb Code    14  handlers.o(i.__scatterload_copy)
    __scatterload_null                       0x080025d7   Thumb Code     2  handlers.o(i.__scatterload_null)
    __scatterload_zeroinit                   0x080025d9   Thumb Code    14  handlers.o(i.__scatterload_zeroinit)
    Region$$Table$$Base                      0x080025fc   Number         0  anon$$obj.o(Region$$Table)
    Region$$Table$$Limit                     0x0800261c   Number         0  anon$$obj.o(Region$$Table)
    count                                    0x20000000   Data           4  stm32f10x_it.o(.data)
    count_ms                                 0x20000004   Data           4  stm32f10x_it.o(.data)
    num_flag                                 0x20000008   Data           4  stm32f10x_it.o(.data)
    befrequency                              0x2000000c   Data           4  stm32f10x_it.o(.data)
    CCR3                                     0x20000010   Data           4  stm32f10x_it.o(.data)
    frequency                                0x20000014   Data           4  stm32f10x_it.o(.data)
    __initial_sp                             0x20000218   Data           0  stm32f10x.o(STACK)



==============================================================================

Memory Map of the image

  Image Entry point : 0x08000101

  Load Region LR_1 (Base: 0x08000000, Size: 0x00002634, Max: 0xffffffff, ABSOLUTE)

    Execution Region ER_RO (Base: 0x08000000, Size: 0x0000261c, Max: 0xffffffff, ABSOLUTE)

    Base Addr    Size         Type   Attr      Idx    E Section Name        Object

    0x08000000   0x000000ec   Data   RO            3    RESET               stm32f10x.o
    0x080000ec   0x00000000   Code   RO          236  * .ARM.Collect$$$$00000000  entry.o(mc_w.l)
    0x080000ec   0x00000004   Code   RO          239    .ARM.Collect$$$$00000001  entry2.o(mc_w.l)
    0x080000f0   0x00000004   Code   RO          242    .ARM.Collect$$$$00000004  entry5.o(mc_w.l)
    0x080000f4   0x00000008   Code   RO          243    .ARM.Collect$$$$00000007  entry7.o(mc_w.l)
    0x080000fc   0x00000004   Code   RO          240    .ARM.Collect$$$$00002712  entry2.o(mc_w.l)
    0x08000100   0x0000001c   Code   RO            4  * .text               stm32f10x.o
    0x0800011c   0x0000031c   Code   RO           10    .text               stm32f10x_gpio.o
    0x08000438   0x0000038c   Code   RO          116    .text               stm32f10x_rcc.o
    0x080007c4   0x00000530   Code   RO          130    .text               stm32f10x_flash.o
    0x08000cf4   0x00000370   Code   RO          142    .text               stm32f10x_usart.o
    0x08001064   0x000003c4   Code   RO          154    .text               stm32f10x_nvic.o
    0x08001428   0x00000b1a   Code   RO          166    .text               stm32f10x_tim.o
    0x08001f42   0x000000c2   Code   RO          178    .text               stm32f10x_systick.o
    0x08002004   0x00000100   Code   RO          202    .text               stm32f10x_it.o
    0x08002104   0x000004a0   Code   RO          220    .text               main.o
    0x080025a4   0x00000024   Code   RO          244    .text               init.o(mc_w.l)
    0x080025c8   0x0000000e   Code   RO          248    i.__scatterload_copy  handlers.o(mc_w.l)
    0x080025d6   0x00000002   Code   RO          249    i.__scatterload_null  handlers.o(mc_w.l)
    0x080025d8   0x0000000e   Code   RO          250    i.__scatterload_zeroinit  handlers.o(mc_w.l)
    0x080025e6   0x00000014   Data   RO          117    .constdata          stm32f10x_rcc.o
    0x080025fa   0x00000002   PAD
    0x080025fc   0x00000020   Data   RO          246    Region$$Table       anon$$obj.o


    Execution Region ER_RW (Base: 0x20000000, Size: 0x00000018, Max: 0xffffffff, ABSOLUTE)

    Base Addr    Size         Type   Attr      Idx    E Section Name        Object

    0x20000000   0x00000018   Data   RW          203    .data               stm32f10x_it.o


    Execution Region ER_ZI (Base: 0x20000018, Size: 0x00000200, Max: 0xffffffff, ABSOLUTE)

    Base Addr    Size         Type   Attr      Idx    E Section Name        Object

    0x20000018   0x00000200   Zero   RW            1    STACK               stm32f10x.o


==============================================================================

Image component sizes


      Code (inc. data)   RO Data    RW Data    ZI Data      Debug   Object Name

      1184         34          0          0          0       3049   main.o
        28          4        236          0        512        432   stm32f10x.o
      1328         38          0          0          0       5886   stm32f10x_flash.o
       796         18          0          0          0      35167   stm32f10x_gpio.o
       256         20          0         24          0       7829   stm32f10x_it.o
         0          0          0          0          0      41204   stm32f10x_lib.o
       964         30          0          0          0       6816   stm32f10x_nvic.o
       908         32         20          0          0       8532   stm32f10x_rcc.o
       194          0          0          0          0       1537   stm32f10x_systick.o
      2842         16          0          0          0      23732   stm32f10x_tim.o
       880         12          0          0          0       7603   stm32f10x_usart.o

    ----------------------------------------------------------------------
      9380        204        290         24        512     141787   Object Totals
         0          0         32          0          0          0   (incl. Generated)
         0          0          2          0          0          3   (incl. Padding)

    ----------------------------------------------------------------------

      Code (inc. data)   RO Data    RW Data    ZI Data      Debug   Library Member Name

         0          0          0          0          0          0   entry.o
         8          4          0          0          0          0   entry2.o
         4          0          0          0          0          0   entry5.o
         8          4          0          0          0          0   entry7.o
        30          0          0          0          0          0   handlers.o
        36          8          0          0          0         68   init.o

    ----------------------------------------------------------------------
        86         16          0          0          0         68   Library Totals
         0          0          0          0          0          0   (incl. Padding)

    ----------------------------------------------------------------------

      Code (inc. data)   RO Data    RW Data    ZI Data      Debug   Library Name

        86         16          0          0          0         68   mc_w.l

    ----------------------------------------------------------------------
        86         16          0          0          0         68   Library Totals

    ----------------------------------------------------------------------

==============================================================================


      Code (inc. data)   RO Data    RW Data    ZI Data      Debug   

      9466        220        290         24        512     140608   Grand Totals
      9466        220        290         24        512     140608   ELF Image Totals
      9466        220        290         24          0          0   ROM Totals

==============================================================================

    Total RO  Size (Code + RO Data)                 9756 (   9.53kB)
    Total RW  Size (RW Data + ZI Data)               536 (   0.52kB)
    Total ROM Size (Code + RO Data + RW Data)       9780 (   9.55kB)

==============================================================================

