ARM Linker, RVCT4.0 [Build 524] for uVision [Standard]

==============================================================================

Section Cross References

    stm32f10x.o(RESET) refers to stm32f10x.o(STACK) for __initial_sp
    stm32f10x.o(RESET) refers to stm32f10x.o(.text) for Reset_Handler
    stm32f10x.o(RESET) refers to stm32f10x_it.o(.text) for WWDG_IRQHandler
    stm32f10x.o(.text) refers to entry.o(.ARM.Collect$$$$00000000) for __main
    stm32f10x_gpio.o(.text) refers to stm32f10x_rcc.o(.text) for RCC_APB2PeriphResetCmd
    stm32f10x_rcc.o(.text) refers to stm32f10x_rcc.o(.constdata) for .constdata
    stm32f10x_usart.o(.text) refers to stm32f10x_rcc.o(.text) for RCC_APB2PeriphResetCmd
    stm32f10x_tim.o(.text) refers to stm32f10x_rcc.o(.text) for RCC_APB2PeriphResetCmd
    stm32f10x_i2c.o(.text) refers to stm32f10x_rcc.o(.text) for RCC_APB1PeriphResetCmd
    stm32f10x_it.o(.text) refers to stm32f10x_tim.o(.text) for TIM_GetITStatus
    stm32f10x_it.o(.text) refers to stm32f10x_usart.o(.text) for USART_GetITStatus
    stm32f10x_it.o(.text) refers to stm32f10x_it.o(.data) for count
    main.o(.text) refers to anbt_dmp_driver.o(.text) for dmp_read_fifo
    main.o(.text) refers to fflti.o(.text) for __aeabi_i2f
    main.o(.text) refers to fdiv.o(.text) for __aeabi_fdiv
    main.o(.text) refers to fmul.o(.text) for __aeabi_fmul
    main.o(.text) refers to fadd.o(.text) for __aeabi_fadd
    main.o(.text) refers to f2d.o(.text) for __aeabi_f2d
    main.o(.text) refers to asin.o(i.asin) for asin
    main.o(.text) refers to dmul.o(.text) for __aeabi_dmul
    main.o(.text) refers to d2f.o(.text) for __aeabi_d2f
    main.o(.text) refers to atan2.o(i.atan2) for atan2
    main.o(.text) refers to cfrcmple.o(.text) for __aeabi_cfrcmple
    main.o(.text) refers to cfcmple.o(.text) for __aeabi_cfcmpeq
    main.o(.text) refers to stm32f10x_gpio.o(.text) for GPIO_ResetBits
    main.o(.text) refers to delay.o(.text) for Delay_us
    main.o(.text) refers to stm32f10x_tim.o(.text) for TIM_TimeBaseInit
    main.o(.text) refers to stm32f10x_nvic.o(.text) for NVIC_Init
    main.o(.text) refers to main.o(.data) for q0
    main.o(.text) refers to stm32f10x_it.o(.data) for count
    main.o(.text) refers to stm32f10x_rcc.o(.text) for RCC_DeInit
    main.o(.text) refers to stm32f10x_flash.o(.text) for FLASH_SetLatency
    main.o(.text) refers to usart.o(.text) for USART_Configurataion
    main.o(.text) refers to anbt_i2c.o(.text) for ANBT_I2C_Configuration
    main.o(.text) refers to anbt_dmp_mpu6050.o(.text) for AnBT_DMP_MPU6050_Init
    at24c02.o(.text) refers to i2c.o(.text) for I2C_WriteByte
    at24c02.o(.text) refers to delay.o(.text) for Delay_Ms
    delay.o(.text) refers to stm32f10x_systick.o(.text) for SysTick_CounterCmd
    i2c.o(.text) refers to stm32f10x_i2c.o(.text) for I2C_GetFlagStatus
    mpu6050.o(.text) refers to stm32f10x_i2c.o(.text) for I2C_Init
    mpu6050.o(.text) refers to delay.o(.text) for Delay_Ms
    mpu6050.o(.text) refers to i2c.o(.text) for I2C_WriteByte
    mpu6050.o(.text) refers to dflti.o(.text) for __aeabi_i2d
    mpu6050.o(.text) refers to ddiv.o(.text) for __aeabi_ddiv
    mpu6050.o(.text) refers to dadd.o(.text) for __aeabi_dadd
    mpu6050.o(.text) refers to d2f.o(.text) for __aeabi_d2f
    mpu6050.o(.text) refers to ffltui.o(.text) for __aeabi_ui2f
    mpu6050.o(.text) refers to f2d.o(.text) for __aeabi_f2d
    mpu6050.o(.text) refers to dmul.o(.text) for __aeabi_dmul
    usart.o(.text) refers to stm32f10x_usart.o(.text) for USART_Init
    usart.o(.text) refers to usart.o(.bss) for .bss
    anbt_dmp_driver.o(.text) refers to anbt_dmp_mpu6050.o(.text) for mpu_load_firmware
    anbt_dmp_driver.o(.text) refers to anbt_dmp_driver.o(.constdata) for .constdata
    anbt_dmp_driver.o(.text) refers to anbt_dmp_driver.o(.bss) for .bss
    anbt_dmp_driver.o(.text) refers to ffltui.o(.text) for __aeabi_ui2f
    anbt_dmp_driver.o(.text) refers to fdiv.o(.text) for __aeabi_fdiv
    anbt_dmp_driver.o(.text) refers to fmul.o(.text) for __aeabi_fmul
    anbt_dmp_driver.o(.text) refers to ffixui.o(.text) for __aeabi_f2uiz
    anbt_dmp_driver.o(.text) refers to memseta.o(.text) for __aeabi_memset
    anbt_dmp_mpu6050.o(.text) refers to anbt_i2c.o(.text) for AnBT_DMP_I2C_Write
    anbt_dmp_mpu6050.o(.text) refers to anbt_dmp_mpu6050.o(.data) for .data
    anbt_dmp_mpu6050.o(.text) refers to anbt_dmp_mpu6050.o(.constdata) for test
    anbt_dmp_mpu6050.o(.text) refers to ldiv.o(.text) for __aeabi_ldivmod
    anbt_dmp_mpu6050.o(.text) refers to fmul.o(.text) for __aeabi_fmul
    anbt_dmp_mpu6050.o(.text) refers to fflti.o(.text) for __aeabi_i2f
    anbt_dmp_mpu6050.o(.text) refers to fdiv.o(.text) for __aeabi_fdiv
    anbt_dmp_mpu6050.o(.text) refers to cfcmple.o(.text) for __aeabi_cfcmpeq
    anbt_dmp_mpu6050.o(.text) refers to fadd.o(.text) for __aeabi_fsub
    anbt_dmp_mpu6050.o(.text) refers to f2d.o(.text) for __aeabi_f2d
    anbt_dmp_mpu6050.o(.text) refers to cdrcmple.o(.text) for __aeabi_cdrcmple
    anbt_dmp_mpu6050.o(.text) refers to cfrcmple.o(.text) for __aeabi_cfrcmple
    anbt_dmp_mpu6050.o(.text) refers to ffltui.o(.text) for __aeabi_ui2f
    anbt_dmp_mpu6050.o(.text) refers to ffixi.o(.text) for __aeabi_f2iz
    anbt_dmp_mpu6050.o(.text) refers to anbt_dmp_driver.o(.text) for dmp_set_gyro_bias
    anbt_dmp_mpu6050.o(.text) refers to memcmp.o(.text) for memcmp
    anbt_dmp_mpu6050.o(.text) refers to stm32f10x_usart.o(.text) for USART_SendData
    anbt_dmp_mpu6050.o(.text) refers to memseta.o(.text) for __aeabi_memclr
    anbt_dmp_mpu6050.o(.text) refers to usart.o(.text) for USART_Sendstring
    anbt_dmp_mpu6050.o(.text) refers to anbt_dmp_mpu6050.o(.bss) for anbt_mpu6050_quat_data
    anbt_dmp_mpu6050.o(.data) refers to anbt_dmp_mpu6050.o(.constdata) for reg
    anbt_i2c.o(.text) refers to stm32f10x_rcc.o(.text) for RCC_APB2PeriphClockCmd
    anbt_i2c.o(.text) refers to stm32f10x_gpio.o(.text) for GPIO_Init
    asin.o(i.__softfp_asin) refers (Special) to iusefp.o(.text) for __I$use$fp
    asin.o(i.__softfp_asin) refers to asin.o(i.asin) for asin
    asin.o(i.asin) refers (Special) to iusefp.o(.text) for __I$use$fp
    asin.o(i.asin) refers to dmul.o(.text) for __aeabi_dmul
    asin.o(i.asin) refers to dscalb.o(.text) for __ARM_scalbn
    asin.o(i.asin) refers to errno.o(i.__set_errno) for __set_errno
    asin.o(i.asin) refers to dadd.o(.text) for __aeabi_dadd
    asin.o(i.asin) refers to cdrcmple.o(.text) for __aeabi_cdrcmple
    asin.o(i.asin) refers to poly.o(i.__kernel_poly) for __kernel_poly
    asin.o(i.asin) refers to ddiv.o(.text) for __aeabi_ddiv
    asin.o(i.asin) refers to sqrt.o(i.sqrt) for sqrt
    asin.o(i.asin) refers to asin.o(.constdata) for .constdata
    asin.o(.constdata) refers (Special) to iusefp.o(.text) for __I$use$fp
    atan2.o(i.__softfp_atan2) refers (Special) to iusefp.o(.text) for __I$use$fp
    atan2.o(i.__softfp_atan2) refers to atan2.o(i.atan2) for atan2
    atan2.o(i.atan2) refers (Special) to iusefp.o(.text) for __I$use$fp
    atan2.o(i.atan2) refers to dadd.o(.text) for __aeabi_dadd
    atan2.o(i.atan2) refers to atan.o(i.atan) for atan
    atan2.o(i.atan2) refers to errno.o(i.__set_errno) for __set_errno
    atan2.o(i.atan2) refers to ddiv.o(.text) for __aeabi_ddiv
    atan2.o(i.atan2) refers to qnan.o(.constdata) for __mathlib_zero
    entry.o(.ARM.Collect$$$$00000000) refers (Special) to entry7.o(.ARM.Collect$$$$00000007) for _main_init
    entry.o(.ARM.Collect$$$$00000000) refers (Special) to entry5.o(.ARM.Collect$$$$00000004) for _main_scatterload
    entry.o(.ARM.Collect$$$$00000000) refers (Special) to entry2.o(.ARM.Collect$$$$00000001) for _main_stk
    ldiv.o(.text) refers to uldiv.o(.text) for __aeabi_uldivmod
    fadd.o(.text) refers (Special) to iusefp.o(.text) for __I$use$fp
    fadd.o(.text) refers to fepilogue.o(.text) for _float_epilogue
    fmul.o(.text) refers (Special) to iusefp.o(.text) for __I$use$fp
    fdiv.o(.text) refers (Special) to iusefp.o(.text) for __I$use$fp
    fdiv.o(.text) refers to fepilogue.o(.text) for _float_epilogue
    dadd.o(.text) refers (Special) to iusefp.o(.text) for __I$use$fp
    dadd.o(.text) refers to llushr.o(.text) for __aeabi_llsr
    dadd.o(.text) refers to llshl.o(.text) for __aeabi_llsl
    dadd.o(.text) refers to depilogue.o(.text) for _double_epilogue
    dmul.o(.text) refers (Special) to iusefp.o(.text) for __I$use$fp
    dmul.o(.text) refers to depilogue.o(.text) for _double_epilogue
    ddiv.o(.text) refers (Special) to iusefp.o(.text) for __I$use$fp
    ddiv.o(.text) refers to depilogue.o(.text) for _double_epilogue
    fflti.o(.text) refers (Special) to iusefp.o(.text) for __I$use$fp
    fflti.o(.text) refers to fepilogue.o(.text) for _float_epilogue
    ffltui.o(.text) refers (Special) to iusefp.o(.text) for __I$use$fp
    ffltui.o(.text) refers to fepilogue.o(.text) for _float_epilogue
    dflti.o(.text) refers (Special) to iusefp.o(.text) for __I$use$fp
    dflti.o(.text) refers to depilogue.o(.text) for _double_epilogue
    ffixi.o(.text) refers (Special) to iusefp.o(.text) for __I$use$fp
    ffixui.o(.text) refers (Special) to iusefp.o(.text) for __I$use$fp
    f2d.o(.text) refers (Special) to iusefp.o(.text) for __I$use$fp
    cdrcmple.o(.text) refers (Special) to iusefp.o(.text) for __I$use$fp
    d2f.o(.text) refers (Special) to iusefp.o(.text) for __I$use$fp
    d2f.o(.text) refers to fepilogue.o(.text) for _float_epilogue
    cfcmple.o(.text) refers (Special) to iusefp.o(.text) for __I$use$fp
    cfrcmple.o(.text) refers (Special) to iusefp.o(.text) for __I$use$fp
    atan.o(i.__softfp_atan) refers (Special) to iusefp.o(.text) for __I$use$fp
    atan.o(i.__softfp_atan) refers to atan.o(i.atan) for atan
    atan.o(i.atan) refers (Special) to iusefp.o(.text) for __I$use$fp
    atan.o(i.atan) refers to dscalb.o(.text) for __ARM_scalbn
    atan.o(i.atan) refers to dadd.o(.text) for __aeabi_dadd
    atan.o(i.atan) refers to cdrcmple.o(.text) for __aeabi_cdrcmple
    atan.o(i.atan) refers to dmul.o(.text) for __aeabi_dmul
    atan.o(i.atan) refers to ddiv.o(.text) for __aeabi_ddiv
    atan.o(i.atan) refers to poly.o(i.__kernel_poly) for __kernel_poly
    atan.o(i.atan) refers to atan.o(.constdata) for .constdata
    atan.o(.constdata) refers (Special) to iusefp.o(.text) for __I$use$fp
    poly.o(i.__kernel_poly) refers (Special) to iusefp.o(.text) for __I$use$fp
    poly.o(i.__kernel_poly) refers to dmul.o(.text) for __aeabi_dmul
    poly.o(i.__kernel_poly) refers to dadd.o(.text) for __aeabi_dadd
    qnan.o(.constdata) refers (Special) to iusefp.o(.text) for __I$use$fp
    sqrt.o(i.__softfp_sqrt) refers (Special) to iusefp.o(.text) for __I$use$fp
    sqrt.o(i.__softfp_sqrt) refers to sqrt.o(i.sqrt) for sqrt
    sqrt.o(i.sqrt) refers (Special) to iusefp.o(.text) for __I$use$fp
    sqrt.o(i.sqrt) refers to cdcmple.o(.text) for __aeabi_cdcmple
    sqrt.o(i.sqrt) refers to errno.o(i.__set_errno) for __set_errno
    sqrt.o(i.sqrt) refers to dsqrt.o(.text) for _dsqrt
    entry2.o(.ARM.Collect$$$$00000001) refers to entry2.o(.ARM.Collect$$$$00002712) for __lit__00000000
    entry2.o(.ARM.Collect$$$$00002712) refers to stm32f10x.o(STACK) for __initial_sp
    entry2.o(__vectab_stack_and_reset_area) refers to stm32f10x.o(STACK) for __initial_sp
    entry2.o(__vectab_stack_and_reset_area) refers to entry.o(.ARM.Collect$$$$00000000) for __main
    entry5.o(.ARM.Collect$$$$00000004) refers to init.o(.text) for __scatterload
    entry7.o(.ARM.Collect$$$$00000007) refers to main.o(.text) for main
    uldiv.o(.text) refers to llushr.o(.text) for __aeabi_llsr
    uldiv.o(.text) refers to llshl.o(.text) for __aeabi_llsl
    errno.o(i.__aeabi_errno_addr) refers to errno.o(.data) for .data
    errno.o(i.__read_errno) refers to errno.o(.data) for .data
    errno.o(i.__set_errno) refers to errno.o(.data) for .data
    init.o(.text) refers to entry5.o(.ARM.Collect$$$$00000004) for __main_after_scatterload
    dsqrt.o(.text) refers to llushr.o(.text) for __aeabi_llsr
    dsqrt.o(.text) refers to depilogue.o(.text) for _double_epilogue


==============================================================================

Removing Unused input sections from the image.

    Removing stm32f10x.o(HEAP), (0 bytes).
    Removing stm32f10x_exti.o(.text), (336 bytes).
    Removing stm32f10x_i2c.o(.text), (992 bytes).
    Removing at24c02.o(.text), (62 bytes).
    Removing i2c.o(.text), (360 bytes).
    Removing mpu6050.o(.text), (776 bytes).
    Removing dflti.o(.text), (36 bytes).

7 unused section(s) (total 2562 bytes) removed from the image.

==============================================================================

Image Symbol Table

    Local Symbols

    Symbol Name                              Value     Ov Type        Size  Object(Section)

    ../../asin.c                             0x00000000   Number         0  asin.o ABSOLUTE
    ../../atan.c                             0x00000000   Number         0  atan.o ABSOLUTE
    ../../atan2.c                            0x00000000   Number         0  atan2.o ABSOLUTE
    ../../microlib/d2f.c                     0x00000000   Number         0  d2f.o ABSOLUTE
    ../../microlib/division.c                0x00000000   Number         0  ldiv.o ABSOLUTE
    ../../microlib/division.c                0x00000000   Number         0  uldiv.o ABSOLUTE
    ../../microlib/errno.c                   0x00000000   Number         0  errno.o ABSOLUTE
    ../../microlib/f2d.c                     0x00000000   Number         0  f2d.o ABSOLUTE
    ../../microlib/fpadd.c                   0x00000000   Number         0  fadd.o ABSOLUTE
    ../../microlib/fpadd.c                   0x00000000   Number         0  dadd.o ABSOLUTE
    ../../microlib/fpdiv.c                   0x00000000   Number         0  ddiv.o ABSOLUTE
    ../../microlib/fpdiv.c                   0x00000000   Number         0  fdiv.o ABSOLUTE
    ../../microlib/fpepilogue.c              0x00000000   Number         0  fepilogue.o ABSOLUTE
    ../../microlib/fpepilogue.c              0x00000000   Number         0  depilogue.o ABSOLUTE
    ../../microlib/fpfix.c                   0x00000000   Number         0  ffixui.o ABSOLUTE
    ../../microlib/fpfix.c                   0x00000000   Number         0  ffixi.o ABSOLUTE
    ../../microlib/fpflt.c                   0x00000000   Number         0  ffltui.o ABSOLUTE
    ../../microlib/fpflt.c                   0x00000000   Number         0  fflti.o ABSOLUTE
    ../../microlib/fpflt.c                   0x00000000   Number         0  dflti.o ABSOLUTE
    ../../microlib/fpmul.c                   0x00000000   Number         0  fmul.o ABSOLUTE
    ../../microlib/fpmul.c                   0x00000000   Number         0  dmul.o ABSOLUTE
    ../../microlib/fpscalb.c                 0x00000000   Number         0  dscalb.o ABSOLUTE
    ../../microlib/fpsqrt.c                  0x00000000   Number         0  dsqrt.o ABSOLUTE
    ../../microlib/init/entry.s              0x00000000   Number         0  entry.o ABSOLUTE
    ../../microlib/init/entry.s              0x00000000   Number         0  entry7.o ABSOLUTE
    ../../microlib/init/entry.s              0x00000000   Number         0  entry5.o ABSOLUTE
    ../../microlib/init/entry.s              0x00000000   Number         0  entry2.o ABSOLUTE
    ../../microlib/longlong.c                0x00000000   Number         0  llushr.o ABSOLUTE
    ../../microlib/longlong.c                0x00000000   Number         0  llshl.o ABSOLUTE
    ../../microlib/string/memcmp.c           0x00000000   Number         0  memcmp.o ABSOLUTE
    ../../microlib/string/memset.c           0x00000000   Number         0  memseta.o ABSOLUTE
    ../../microlib/stubs.s                   0x00000000   Number         0  iusefp.o ABSOLUTE
    ../../poly.c                             0x00000000   Number         0  poly.o ABSOLUTE
    ../../qnan.c                             0x00000000   Number         0  qnan.o ABSOLUTE
    ../../sqrt.c                             0x00000000   Number         0  sqrt.o ABSOLUTE
    ..\STM32_FW\library\src\stm32f10x_flash.c 0x00000000   Number         0  stm32f10x_flash.o ABSOLUTE
    STM32F10x.s                              0x00000000   Number         0  stm32f10x.o ABSOLUTE
    cdcmple.s                                0x00000000   Number         0  cdcmple.o ABSOLUTE
    cdrcmple.s                               0x00000000   Number         0  cdrcmple.o ABSOLUTE
    cfcmple.s                                0x00000000   Number         0  cfcmple.o ABSOLUTE
    cfrcmple.s                               0x00000000   Number         0  cfrcmple.o ABSOLUTE
    dc.s                                     0x00000000   Number         0  dc.o ABSOLUTE
    handlers.s                               0x00000000   Number         0  handlers.o ABSOLUTE
    init.s                                   0x00000000   Number         0  init.o ABSOLUTE
    interrupt\stm32f10x_it.c                 0x00000000   Number         0  stm32f10x_it.o ABSOLUTE
    library\src\main.c                       0x00000000   Number         0  main.o ABSOLUTE
    library\src\stm32f10x_exti.c             0x00000000   Number         0  stm32f10x_exti.o ABSOLUTE
    library\src\stm32f10x_gpio.c             0x00000000   Number         0  stm32f10x_gpio.o ABSOLUTE
    library\src\stm32f10x_i2c.c              0x00000000   Number         0  stm32f10x_i2c.o ABSOLUTE
    library\src\stm32f10x_lib.c              0x00000000   Number         0  stm32f10x_lib.o ABSOLUTE
    library\src\stm32f10x_nvic.c             0x00000000   Number         0  stm32f10x_nvic.o ABSOLUTE
    library\src\stm32f10x_rcc.c              0x00000000   Number         0  stm32f10x_rcc.o ABSOLUTE
    library\src\stm32f10x_systick.c          0x00000000   Number         0  stm32f10x_systick.o ABSOLUTE
    library\src\stm32f10x_tim.c              0x00000000   Number         0  stm32f10x_tim.o ABSOLUTE
    library\src\stm32f10x_usart.c            0x00000000   Number         0  stm32f10x_usart.o ABSOLUTE
    user\AT24C02.c                           0x00000000   Number         0  at24c02.o ABSOLUTE
    user\Delay.c                             0x00000000   Number         0  delay.o ABSOLUTE
    user\I2C.c                               0x00000000   Number         0  i2c.o ABSOLUTE
    user\MPU6050.c                           0x00000000   Number         0  mpu6050.o ABSOLUTE
    user\MPU6050\anbt_dmp_driver.c           0x00000000   Number         0  anbt_dmp_driver.o ABSOLUTE
    user\MPU6050\anbt_dmp_mpu6050.c          0x00000000   Number         0  anbt_dmp_mpu6050.o ABSOLUTE
    user\MPU6050\anbt_i2c.c                  0x00000000   Number         0  anbt_i2c.o ABSOLUTE
    user\USART.c                             0x00000000   Number         0  usart.o ABSOLUTE
    RESET                                    0x08000000   Section      236  stm32f10x.o(RESET)
    .ARM.Collect$$$$00000000                 0x080000ec   Section        0  entry.o(.ARM.Collect$$$$00000000)
    .ARM.Collect$$$$00000001                 0x080000ec   Section        4  entry2.o(.ARM.Collect$$$$00000001)
    .ARM.Collect$$$$00000004                 0x080000f0   Section        4  entry5.o(.ARM.Collect$$$$00000004)
    .ARM.Collect$$$$00000007                 0x080000f4   Section        8  entry7.o(.ARM.Collect$$$$00000007)
    .ARM.Collect$$$$00002712                 0x080000fc   Section        4  entry2.o(.ARM.Collect$$$$00002712)
    __lit__00000000                          0x080000fc   Data           4  entry2.o(.ARM.Collect$$$$00002712)
    .text                                    0x08000100   Section       28  stm32f10x.o(.text)
    .text                                    0x0800011c   Section      796  stm32f10x_gpio.o(.text)
    .text                                    0x08000438   Section      908  stm32f10x_rcc.o(.text)
    .text                                    0x080007c4   Section     1328  stm32f10x_flash.o(.text)
    delay                                    0x08000853   Thumb Code    14  stm32f10x_flash.o(.text)
    .text                                    0x08000cf4   Section      880  stm32f10x_usart.o(.text)
    .text                                    0x08001064   Section      964  stm32f10x_nvic.o(.text)
    .text                                    0x08001428   Section     2842  stm32f10x_tim.o(.text)
    TI4_Config                               0x0800172b   Thumb Code    66  stm32f10x_tim.o(.text)
    TI3_Config                               0x0800177f   Thumb Code    60  stm32f10x_tim.o(.text)
    TI2_Config                               0x080017d1   Thumb Code    80  stm32f10x_tim.o(.text)
    TI1_Config                               0x08001833   Thumb Code    50  stm32f10x_tim.o(.text)
    .text                                    0x08001f42   Section      194  stm32f10x_systick.o(.text)
    .text                                    0x08002004   Section      312  stm32f10x_it.o(.text)
    .text                                    0x0800213c   Section     1592  main.o(.text)
    .text                                    0x08002774   Section      144  delay.o(.text)
    .text                                    0x08002804   Section      220  usart.o(.text)
    .text                                    0x080028e0   Section     3644  anbt_dmp_driver.o(.text)
    decode_gesture                           0x08003449   Thumb Code    94  anbt_dmp_driver.o(.text)
    .text                                    0x0800371c   Section     7052  anbt_dmp_mpu6050.o(.text)
    set_int_enable                           0x08003903   Thumb Code   138  anbt_dmp_mpu6050.o(.text)
    get_st_biases                            0x080040c5   Thumb Code  1308  anbt_dmp_mpu6050.o(.text)
    get_accel_prod_shift                     0x080045e1   Thumb Code   168  anbt_dmp_mpu6050.o(.text)
    accel_self_test                          0x08004711   Thumb Code   226  anbt_dmp_mpu6050.o(.text)
    gyro_self_test                           0x080047f3   Thumb Code   282  anbt_dmp_mpu6050.o(.text)
    run_self_test                            0x08004a35   Thumb Code   144  anbt_dmp_mpu6050.o(.text)
    inv_row_2_scale                          0x08004d35   Thumb Code    78  anbt_dmp_mpu6050.o(.text)
    inv_orientation_matrix_to_scalar         0x08004d83   Thumb Code    40  anbt_dmp_mpu6050.o(.text)
    .text                                    0x080052a8   Section     1560  anbt_i2c.o(.text)
    .text                                    0x080058c0   Section      106  ldiv.o(.text)
    .text                                    0x0800592a   Section       38  memseta.o(.text)
    .text                                    0x08005950   Section       26  memcmp.o(.text)
    .text                                    0x0800596a   Section      168  fadd.o(.text)
    _float_addcore                           0x0800596b   Thumb Code   122  fadd.o(.text)
    .text                                    0x08005a12   Section      102  fmul.o(.text)
    .text                                    0x08005a78   Section      108  fdiv.o(.text)
    .text                                    0x08005ae4   Section      414  dadd.o(.text)
    _double_addcore                          0x08005ae5   Thumb Code   270  dadd.o(.text)
    .text                                    0x08005c82   Section      232  dmul.o(.text)
    .text                                    0x08005d6a   Section      248  ddiv.o(.text)
    .text                                    0x08005e62   Section       20  fflti.o(.text)
    .text                                    0x08005e76   Section       10  ffltui.o(.text)
    .text                                    0x08005e80   Section       50  ffixi.o(.text)
    .text                                    0x08005eb2   Section       40  ffixui.o(.text)
    .text                                    0x08005eda   Section       36  f2d.o(.text)
    .text                                    0x08005f00   Section       76  cdrcmple.o(.text)
    .text                                    0x08005f4c   Section       58  d2f.o(.text)
    .text                                    0x08005f88   Section       20  cfcmple.o(.text)
    .text                                    0x08005f9c   Section       20  cfrcmple.o(.text)
    .text                                    0x08005fb0   Section       90  uldiv.o(.text)
    .text                                    0x0800600a   Section       32  llshl.o(.text)
    .text                                    0x0800602a   Section       30  llushr.o(.text)
    .text                                    0x08006048   Section       92  fepilogue.o(.text)
    .text                                    0x08006048   Section        0  iusefp.o(.text)
    .text                                    0x080060a4   Section      200  depilogue.o(.text)
    .text                                    0x0800616c   Section       36  dscalb.o(.text)
    .text                                    0x08006190   Section       36  init.o(.text)
    .text                                    0x080061b4   Section      176  dsqrt.o(.text)
    .text                                    0x08006264   Section       76  cdcmple.o(.text)
    i.__kernel_poly                          0x080062b0   Section      162  poly.o(i.__kernel_poly)
    i.__scatterload_copy                     0x08006352   Section       14  handlers.o(i.__scatterload_copy)
    i.__scatterload_null                     0x08006360   Section        2  handlers.o(i.__scatterload_null)
    i.__scatterload_zeroinit                 0x08006362   Section       14  handlers.o(i.__scatterload_zeroinit)
    i.__set_errno                            0x08006370   Section       12  errno.o(i.__set_errno)
    i.asin                                   0x0800637c   Section      652  asin.o(i.asin)
    i.atan                                   0x08006608   Section      552  atan.o(i.atan)
    i.atan2                                  0x08006830   Section      376  atan2.o(i.atan2)
    i.sqrt                                   0x080069a8   Section       84  sqrt.o(i.sqrt)
    .constdata                               0x080069fc   Section       20  stm32f10x_rcc.o(.constdata)
    APBAHBPrescTable                         0x080069fc   Data          16  stm32f10x_rcc.o(.constdata)
    ADCPrescTable                            0x08006a0c   Data           4  stm32f10x_rcc.o(.constdata)
    .constdata                               0x08006a10   Section     3062  anbt_dmp_driver.o(.constdata)
    dmp_memory                               0x08006a10   Data        3062  anbt_dmp_driver.o(.constdata)
    .constdata                               0x08007608   Section       80  anbt_dmp_mpu6050.o(.constdata)
    .constdata                               0x08007658   Section       80  asin.o(.constdata)
    pS                                       0x08007658   Data          48  asin.o(.constdata)
    qS                                       0x08007688   Data          32  asin.o(.constdata)
    .constdata                               0x080076a8   Section      152  atan.o(.constdata)
    atanhi                                   0x080076a8   Data          32  atan.o(.constdata)
    atanlo                                   0x080076c8   Data          32  atan.o(.constdata)
    aTodd                                    0x080076e8   Data          40  atan.o(.constdata)
    aTeven                                   0x08007710   Data          48  atan.o(.constdata)
    .constdata                               0x08007740   Section        8  qnan.o(.constdata)
    .data                                    0x20000000   Section       26  stm32f10x_it.o(.data)
    .data                                    0x2000001c   Section       28  main.o(.data)
    gyro_orientation                         0x2000001c   Data           9  main.o(.data)
    .data                                    0x20000038   Section       76  anbt_dmp_mpu6050.o(.data)
    gyro_orientation                         0x20000038   Data           9  anbt_dmp_mpu6050.o(.data)
    st                                       0x20000044   Data          44  anbt_dmp_mpu6050.o(.data)
    .data                                    0x20000084   Section        4  errno.o(.data)
    _errno                                   0x20000084   Data           4  errno.o(.data)
    .bss                                     0x20000088   Section       50  usart.o(.bss)
    data                                     0x20000088   Data          50  usart.o(.bss)
    .bss                                     0x200000bc   Section       16  anbt_dmp_driver.o(.bss)
    dmp                                      0x200000bc   Data          16  anbt_dmp_driver.o(.bss)
    .bss                                     0x200000cc   Section       16  anbt_dmp_mpu6050.o(.bss)
    STACK                                    0x200000e0   Section      512  stm32f10x.o(STACK)

    Global Symbols

    Symbol Name                              Value     Ov Type        Size  Object(Section)

    BuildAttributes$$THM_ISAv4$P$D$K$B$S$PE$A:L22UL41UL21$X:L11$S22US41US21$IEEE1$IW$USESV6$~STKCKD$USESV7$~SHL$OSPACE$ROPI$IEEEJ$EBA8$MICROLIB$REQ8$PRES8$EABIv2 0x00000000   Number         0  anon$$obj.o ABSOLUTE
    __ARM_use_no_argv                        0x00000000   Number         0  main.o ABSOLUTE
    __decompress                              - Undefined Weak Reference
    __Vectors                                0x08000000   Data           4  stm32f10x.o(RESET)
    __main                                   0x080000ed   Thumb Code     0  entry.o(.ARM.Collect$$$$00000000)
    _main_stk                                0x080000ed   Thumb Code     0  entry2.o(.ARM.Collect$$$$00000001)
    _main_scatterload                        0x080000f1   Thumb Code     0  entry5.o(.ARM.Collect$$$$00000004)
    __main_after_scatterload                 0x080000f5   Thumb Code     0  entry5.o(.ARM.Collect$$$$00000004)
    _main_init                               0x080000f5   Thumb Code     0  entry7.o(.ARM.Collect$$$$00000007)
    Reset_Handler                            0x08000101   Thumb Code     4  stm32f10x.o(.text)
    NMI_Handler                              0x08000105   Thumb Code     2  stm32f10x.o(.text)
    HardFault_Handler                        0x08000107   Thumb Code     2  stm32f10x.o(.text)
    MemManage_Handler                        0x08000109   Thumb Code     2  stm32f10x.o(.text)
    BusFault_Handler                         0x0800010b   Thumb Code     2  stm32f10x.o(.text)
    UsageFault_Handler                       0x0800010d   Thumb Code     2  stm32f10x.o(.text)
    SVC_Handler                              0x0800010f   Thumb Code     2  stm32f10x.o(.text)
    DebugMon_Handler                         0x08000111   Thumb Code     2  stm32f10x.o(.text)
    PendSV_Handler                           0x08000113   Thumb Code     2  stm32f10x.o(.text)
    SysTick_Handler                          0x08000115   Thumb Code     2  stm32f10x.o(.text)
    ADC_IRQHandler                           0x08000117   Thumb Code     0  stm32f10x.o(.text)
    DMAChannel1_IRQHandler                   0x08000117   Thumb Code     0  stm32f10x.o(.text)
    DMAChannel2_IRQHandler                   0x08000117   Thumb Code     0  stm32f10x.o(.text)
    DMAChannel3_IRQHandler                   0x08000117   Thumb Code     0  stm32f10x.o(.text)
    DMAChannel4_IRQHandler                   0x08000117   Thumb Code     0  stm32f10x.o(.text)
    DMAChannel5_IRQHandler                   0x08000117   Thumb Code     0  stm32f10x.o(.text)
    DMAChannel6_IRQHandler                   0x08000117   Thumb Code     0  stm32f10x.o(.text)
    DMAChannel7_IRQHandler                   0x08000117   Thumb Code     0  stm32f10x.o(.text)
    GPIO_DeInit                              0x0800011d   Thumb Code   188  stm32f10x_gpio.o(.text)
    GPIO_AFIODeInit                          0x080001d9   Thumb Code    20  stm32f10x_gpio.o(.text)
    GPIO_Init                                0x080001ed   Thumb Code   268  stm32f10x_gpio.o(.text)
    GPIO_StructInit                          0x080002f9   Thumb Code    16  stm32f10x_gpio.o(.text)
    GPIO_ReadInputDataBit                    0x08000309   Thumb Code    18  stm32f10x_gpio.o(.text)
    GPIO_ReadInputData                       0x0800031b   Thumb Code     8  stm32f10x_gpio.o(.text)
    GPIO_ReadOutputDataBit                   0x08000323   Thumb Code    18  stm32f10x_gpio.o(.text)
    GPIO_ReadOutputData                      0x08000335   Thumb Code     8  stm32f10x_gpio.o(.text)
    GPIO_SetBits                             0x0800033d   Thumb Code     4  stm32f10x_gpio.o(.text)
    GPIO_ResetBits                           0x08000341   Thumb Code     4  stm32f10x_gpio.o(.text)
    GPIO_WriteBit                            0x08000345   Thumb Code    10  stm32f10x_gpio.o(.text)
    GPIO_Write                               0x0800034f   Thumb Code     4  stm32f10x_gpio.o(.text)
    GPIO_PinLockConfig                       0x08000353   Thumb Code    18  stm32f10x_gpio.o(.text)
    GPIO_EventOutputConfig                   0x08000365   Thumb Code    24  stm32f10x_gpio.o(.text)
    GPIO_EventOutputCmd                      0x0800037d   Thumb Code     6  stm32f10x_gpio.o(.text)
    GPIO_PinRemapConfig                      0x08000383   Thumb Code   104  stm32f10x_gpio.o(.text)
    GPIO_EXTILineConfig                      0x080003eb   Thumb Code    60  stm32f10x_gpio.o(.text)
    RCC_DeInit                               0x08000439   Thumb Code    62  stm32f10x_rcc.o(.text)
    RCC_HSEConfig                            0x08000477   Thumb Code    70  stm32f10x_rcc.o(.text)
    RCC_GetFlagStatus                        0x080004bd   Thumb Code    56  stm32f10x_rcc.o(.text)
    RCC_WaitForHSEStartUp                    0x080004f5   Thumb Code    46  stm32f10x_rcc.o(.text)
    RCC_AdjustHSICalibrationValue            0x08000523   Thumb Code    18  stm32f10x_rcc.o(.text)
    RCC_HSICmd                               0x08000535   Thumb Code     6  stm32f10x_rcc.o(.text)
    RCC_PLLConfig                            0x0800053b   Thumb Code    22  stm32f10x_rcc.o(.text)
    RCC_PLLCmd                               0x08000551   Thumb Code     6  stm32f10x_rcc.o(.text)
    RCC_SYSCLKConfig                         0x08000557   Thumb Code    16  stm32f10x_rcc.o(.text)
    RCC_GetSYSCLKSource                      0x08000567   Thumb Code    10  stm32f10x_rcc.o(.text)
    RCC_HCLKConfig                           0x08000571   Thumb Code    16  stm32f10x_rcc.o(.text)
    RCC_PCLK1Config                          0x08000581   Thumb Code    16  stm32f10x_rcc.o(.text)
    RCC_PCLK2Config                          0x08000591   Thumb Code    18  stm32f10x_rcc.o(.text)
    RCC_ITConfig                             0x080005a3   Thumb Code    30  stm32f10x_rcc.o(.text)
    RCC_USBCLKConfig                         0x080005c1   Thumb Code     8  stm32f10x_rcc.o(.text)
    RCC_ADCCLKConfig                         0x080005c9   Thumb Code    16  stm32f10x_rcc.o(.text)
    RCC_LSEConfig                            0x080005d9   Thumb Code    50  stm32f10x_rcc.o(.text)
    RCC_LSICmd                               0x0800060b   Thumb Code     6  stm32f10x_rcc.o(.text)
    RCC_RTCCLKConfig                         0x08000611   Thumb Code    12  stm32f10x_rcc.o(.text)
    RCC_RTCCLKCmd                            0x0800061d   Thumb Code     8  stm32f10x_rcc.o(.text)
    RCC_GetClocksFreq                        0x08000625   Thumb Code   194  stm32f10x_rcc.o(.text)
    RCC_AHBPeriphClockCmd                    0x080006e7   Thumb Code    26  stm32f10x_rcc.o(.text)
    RCC_APB2PeriphClockCmd                   0x08000701   Thumb Code    26  stm32f10x_rcc.o(.text)
    RCC_APB1PeriphClockCmd                   0x0800071b   Thumb Code    26  stm32f10x_rcc.o(.text)
    RCC_APB2PeriphResetCmd                   0x08000735   Thumb Code    26  stm32f10x_rcc.o(.text)
    RCC_APB1PeriphResetCmd                   0x0800074f   Thumb Code    26  stm32f10x_rcc.o(.text)
    RCC_BackupResetCmd                       0x08000769   Thumb Code     8  stm32f10x_rcc.o(.text)
    RCC_ClockSecuritySystemCmd               0x08000771   Thumb Code     6  stm32f10x_rcc.o(.text)
    RCC_MCOConfig                            0x08000777   Thumb Code     6  stm32f10x_rcc.o(.text)
    RCC_ClearFlag                            0x0800077d   Thumb Code    14  stm32f10x_rcc.o(.text)
    RCC_GetITStatus                          0x0800078b   Thumb Code    20  stm32f10x_rcc.o(.text)
    RCC_ClearITPendingBit                    0x0800079f   Thumb Code     6  stm32f10x_rcc.o(.text)
    FLASH_SetLatency                         0x080007c5   Thumb Code    22  stm32f10x_flash.o(.text)
    FLASH_HalfCycleAccessCmd                 0x080007db   Thumb Code    22  stm32f10x_flash.o(.text)
    FLASH_PrefetchBufferCmd                  0x080007f1   Thumb Code    22  stm32f10x_flash.o(.text)
    FLASH_Unlock                             0x08000807   Thumb Code    12  stm32f10x_flash.o(.text)
    FLASH_Lock                               0x08000813   Thumb Code    14  stm32f10x_flash.o(.text)
    FLASH_GetStatus                          0x08000821   Thumb Code    50  stm32f10x_flash.o(.text)
    FLASH_WaitForLastOperation               0x08000861   Thumb Code    42  stm32f10x_flash.o(.text)
    FLASH_ErasePage                          0x0800088b   Thumb Code    76  stm32f10x_flash.o(.text)
    FLASH_EraseAllPages                      0x080008d7   Thumb Code    72  stm32f10x_flash.o(.text)
    FLASH_EraseOptionBytes                   0x0800091f   Thumb Code   142  stm32f10x_flash.o(.text)
    FLASH_ProgramWord                        0x080009ad   Thumb Code   100  stm32f10x_flash.o(.text)
    FLASH_ProgramHalfWord                    0x08000a11   Thumb Code    64  stm32f10x_flash.o(.text)
    FLASH_ProgramOptionByteData              0x08000a51   Thumb Code    72  stm32f10x_flash.o(.text)
    FLASH_EnableWriteProtection              0x08000a99   Thumb Code   188  stm32f10x_flash.o(.text)
    FLASH_ReadOutProtection                  0x08000b55   Thumb Code   178  stm32f10x_flash.o(.text)
    FLASH_UserOptionByteConfig               0x08000c07   Thumb Code    94  stm32f10x_flash.o(.text)
    FLASH_GetUserOptionByte                  0x08000c65   Thumb Code     8  stm32f10x_flash.o(.text)
    FLASH_GetWriteProtectionOptionByte       0x08000c6d   Thumb Code     6  stm32f10x_flash.o(.text)
    FLASH_GetReadOutProtectionStatus         0x08000c73   Thumb Code    20  stm32f10x_flash.o(.text)
    FLASH_GetPrefetchBufferStatus            0x08000c87   Thumb Code    20  stm32f10x_flash.o(.text)
    FLASH_ITConfig                           0x08000c9b   Thumb Code    26  stm32f10x_flash.o(.text)
    FLASH_GetFlagStatus                      0x08000cb5   Thumb Code    42  stm32f10x_flash.o(.text)
    FLASH_ClearFlag                          0x08000cdf   Thumb Code     6  stm32f10x_flash.o(.text)
    USART_DeInit                             0x08000cf5   Thumb Code   146  stm32f10x_usart.o(.text)
    USART_Init                               0x08000d87   Thumb Code   150  stm32f10x_usart.o(.text)
    USART_StructInit                         0x08000e1d   Thumb Code    24  stm32f10x_usart.o(.text)
    USART_ClockInit                          0x08000e35   Thumb Code    32  stm32f10x_usart.o(.text)
    USART_ClockStructInit                    0x08000e55   Thumb Code    12  stm32f10x_usart.o(.text)
    USART_Cmd                                0x08000e61   Thumb Code    24  stm32f10x_usart.o(.text)
    USART_ITConfig                           0x08000e79   Thumb Code    62  stm32f10x_usart.o(.text)
    USART_DMACmd                             0x08000eb7   Thumb Code    24  stm32f10x_usart.o(.text)
    USART_SetAddress                         0x08000ecf   Thumb Code    18  stm32f10x_usart.o(.text)
    USART_WakeUpConfig                       0x08000ee1   Thumb Code    18  stm32f10x_usart.o(.text)
    USART_ReceiverWakeUpCmd                  0x08000ef3   Thumb Code    24  stm32f10x_usart.o(.text)
    USART_LINBreakDetectLengthConfig         0x08000f0b   Thumb Code    18  stm32f10x_usart.o(.text)
    USART_LINCmd                             0x08000f1d   Thumb Code    24  stm32f10x_usart.o(.text)
    USART_SendData                           0x08000f35   Thumb Code     8  stm32f10x_usart.o(.text)
    USART_ReceiveData                        0x08000f3d   Thumb Code    10  stm32f10x_usart.o(.text)
    USART_SendBreak                          0x08000f47   Thumb Code    10  stm32f10x_usart.o(.text)
    USART_SetGuardTime                       0x08000f51   Thumb Code    16  stm32f10x_usart.o(.text)
    USART_SetPrescaler                       0x08000f61   Thumb Code    16  stm32f10x_usart.o(.text)
    USART_SmartCardCmd                       0x08000f71   Thumb Code    24  stm32f10x_usart.o(.text)
    USART_SmartCardNACKCmd                   0x08000f89   Thumb Code    24  stm32f10x_usart.o(.text)
    USART_HalfDuplexCmd                      0x08000fa1   Thumb Code    24  stm32f10x_usart.o(.text)
    USART_IrDAConfig                         0x08000fb9   Thumb Code    18  stm32f10x_usart.o(.text)
    USART_IrDACmd                            0x08000fcb   Thumb Code    24  stm32f10x_usart.o(.text)
    USART_GetFlagStatus                      0x08000fe3   Thumb Code    18  stm32f10x_usart.o(.text)
    USART_ClearFlag                          0x08000ff5   Thumb Code     6  stm32f10x_usart.o(.text)
    USART_GetITStatus                        0x08000ffb   Thumb Code    74  stm32f10x_usart.o(.text)
    USART_ClearITPendingBit                  0x08001045   Thumb Code    20  stm32f10x_usart.o(.text)
    NVIC_DeInit                              0x08001065   Thumb Code    54  stm32f10x_nvic.o(.text)
    NVIC_SCBDeInit                           0x0800109b   Thumb Code    92  stm32f10x_nvic.o(.text)
    NVIC_PriorityGroupConfig                 0x080010f7   Thumb Code    12  stm32f10x_nvic.o(.text)
    NVIC_Init                                0x08001103   Thumb Code   154  stm32f10x_nvic.o(.text)
    NVIC_StructInit                          0x0800119d   Thumb Code    12  stm32f10x_nvic.o(.text)
    NVIC_SETPRIMASK                          0x080011a9   Thumb Code     2  stm32f10x_nvic.o(.text)
    NVIC_RESETPRIMASK                        0x080011ab   Thumb Code     2  stm32f10x_nvic.o(.text)
    NVIC_SETFAULTMASK                        0x080011ad   Thumb Code     2  stm32f10x_nvic.o(.text)
    NVIC_RESETFAULTMASK                      0x080011af   Thumb Code     2  stm32f10x_nvic.o(.text)
    NVIC_BASEPRICONFIG                       0x080011b1   Thumb Code     2  stm32f10x_nvic.o(.text)
    NVIC_GetCurrentPendingIRQChannel         0x080011b3   Thumb Code    10  stm32f10x_nvic.o(.text)
    NVIC_GetIRQChannelPendingBitStatus       0x080011bd   Thumb Code    42  stm32f10x_nvic.o(.text)
    NVIC_SetIRQChannelPendingBit             0x080011e7   Thumb Code     6  stm32f10x_nvic.o(.text)
    NVIC_ClearIRQChannelPendingBit           0x080011ed   Thumb Code    20  stm32f10x_nvic.o(.text)
    NVIC_GetCurrentActiveHandler             0x08001201   Thumb Code    10  stm32f10x_nvic.o(.text)
    NVIC_GetIRQChannelActiveBitStatus        0x0800120b   Thumb Code    42  stm32f10x_nvic.o(.text)
    NVIC_GetCPUID                            0x08001235   Thumb Code     8  stm32f10x_nvic.o(.text)
    NVIC_SetVectorTable                      0x0800123d   Thumb Code    14  stm32f10x_nvic.o(.text)
    NVIC_GenerateSystemReset                 0x0800124b   Thumb Code    12  stm32f10x_nvic.o(.text)
    NVIC_GenerateCoreReset                   0x08001257   Thumb Code    12  stm32f10x_nvic.o(.text)
    NVIC_SystemLPConfig                      0x08001263   Thumb Code    38  stm32f10x_nvic.o(.text)
    NVIC_SystemHandlerConfig                 0x08001289   Thumb Code    52  stm32f10x_nvic.o(.text)
    NVIC_SystemHandlerPriorityConfig         0x080012bd   Thumb Code    98  stm32f10x_nvic.o(.text)
    NVIC_GetSystemHandlerPendingBitStatus    0x0800131f   Thumb Code    44  stm32f10x_nvic.o(.text)
    NVIC_SetSystemHandlerPendingBit          0x0800134b   Thumb Code    26  stm32f10x_nvic.o(.text)
    NVIC_ClearSystemHandlerPendingBit        0x08001365   Thumb Code    30  stm32f10x_nvic.o(.text)
    NVIC_GetSystemHandlerActiveBitStatus     0x08001383   Thumb Code    42  stm32f10x_nvic.o(.text)
    NVIC_GetFaultHandlerSources              0x080013ad   Thumb Code    66  stm32f10x_nvic.o(.text)
    NVIC_GetFaultAddress                     0x080013ef   Thumb Code    28  stm32f10x_nvic.o(.text)
    TIM_DeInit                               0x08001429   Thumb Code   214  stm32f10x_tim.o(.text)
    TIM_TimeBaseInit                         0x080014ff   Thumb Code    50  stm32f10x_tim.o(.text)
    TIM_OC1Init                              0x08001531   Thumb Code   110  stm32f10x_tim.o(.text)
    TIM_OC2Init                              0x0800159f   Thumb Code   140  stm32f10x_tim.o(.text)
    TIM_OC3Init                              0x0800162b   Thumb Code   136  stm32f10x_tim.o(.text)
    TIM_OC4Init                              0x080016b3   Thumb Code    98  stm32f10x_tim.o(.text)
    TIM_SetIC4Prescaler                      0x08001715   Thumb Code    22  stm32f10x_tim.o(.text)
    TIM_SetIC3Prescaler                      0x0800176d   Thumb Code    18  stm32f10x_tim.o(.text)
    TIM_SetIC2Prescaler                      0x080017bb   Thumb Code    22  stm32f10x_tim.o(.text)
    TIM_SetIC1Prescaler                      0x08001821   Thumb Code    18  stm32f10x_tim.o(.text)
    TIM_ICInit                               0x08001865   Thumb Code   110  stm32f10x_tim.o(.text)
    TIM_PWMIConfig                           0x080018d3   Thumb Code   124  stm32f10x_tim.o(.text)
    TIM_BDTRConfig                           0x0800194f   Thumb Code    32  stm32f10x_tim.o(.text)
    TIM_TimeBaseStructInit                   0x0800196f   Thumb Code    18  stm32f10x_tim.o(.text)
    TIM_OCStructInit                         0x08001981   Thumb Code    20  stm32f10x_tim.o(.text)
    TIM_ICStructInit                         0x08001995   Thumb Code    18  stm32f10x_tim.o(.text)
    TIM_BDTRStructInit                       0x080019a7   Thumb Code    18  stm32f10x_tim.o(.text)
    TIM_Cmd                                  0x080019b9   Thumb Code    24  stm32f10x_tim.o(.text)
    TIM_CtrlPWMOutputs                       0x080019d1   Thumb Code    30  stm32f10x_tim.o(.text)
    TIM_ITConfig                             0x080019ef   Thumb Code    24  stm32f10x_tim.o(.text)
    TIM_GenerateEvent                        0x08001a07   Thumb Code     4  stm32f10x_tim.o(.text)
    TIM_DMAConfig                            0x08001a0b   Thumb Code    10  stm32f10x_tim.o(.text)
    TIM_DMACmd                               0x08001a15   Thumb Code    24  stm32f10x_tim.o(.text)
    TIM_InternalClockConfig                  0x08001a2d   Thumb Code    12  stm32f10x_tim.o(.text)
    TIM_SelectInputTrigger                   0x08001a39   Thumb Code    16  stm32f10x_tim.o(.text)
    TIM_ITRxExternalClockConfig              0x08001a49   Thumb Code    24  stm32f10x_tim.o(.text)
    TIM_TIxExternalClockConfig               0x08001a61   Thumb Code    62  stm32f10x_tim.o(.text)
    TIM_ETRConfig                            0x08001a9f   Thumb Code    24  stm32f10x_tim.o(.text)
    TIM_ETRClockMode1Config                  0x08001ab7   Thumb Code    54  stm32f10x_tim.o(.text)
    TIM_ETRClockMode2Config                  0x08001aed   Thumb Code    32  stm32f10x_tim.o(.text)
    TIM_PrescalerConfig                      0x08001b0d   Thumb Code     6  stm32f10x_tim.o(.text)
    TIM_CounterModeConfig                    0x08001b13   Thumb Code    16  stm32f10x_tim.o(.text)
    TIM_EncoderInterfaceConfig               0x08001b23   Thumb Code    56  stm32f10x_tim.o(.text)
    TIM_ForcedOC1Config                      0x08001b5b   Thumb Code    16  stm32f10x_tim.o(.text)
    TIM_ForcedOC2Config                      0x08001b6b   Thumb Code    20  stm32f10x_tim.o(.text)
    TIM_ForcedOC3Config                      0x08001b7f   Thumb Code    16  stm32f10x_tim.o(.text)
    TIM_ForcedOC4Config                      0x08001b8f   Thumb Code    20  stm32f10x_tim.o(.text)
    TIM_ARRPreloadConfig                     0x08001ba3   Thumb Code    24  stm32f10x_tim.o(.text)
    TIM_SelectCOM                            0x08001bbb   Thumb Code    24  stm32f10x_tim.o(.text)
    TIM_SelectCCDMA                          0x08001bd3   Thumb Code    24  stm32f10x_tim.o(.text)
    TIM_CCPreloadControl                     0x08001beb   Thumb Code    24  stm32f10x_tim.o(.text)
    TIM_OC1PreloadConfig                     0x08001c03   Thumb Code    16  stm32f10x_tim.o(.text)
    TIM_OC2PreloadConfig                     0x08001c13   Thumb Code    20  stm32f10x_tim.o(.text)
    TIM_OC3PreloadConfig                     0x08001c27   Thumb Code    16  stm32f10x_tim.o(.text)
    TIM_OC4PreloadConfig                     0x08001c37   Thumb Code    20  stm32f10x_tim.o(.text)
    TIM_OC1FastConfig                        0x08001c4b   Thumb Code    16  stm32f10x_tim.o(.text)
    TIM_OC2FastConfig                        0x08001c5b   Thumb Code    20  stm32f10x_tim.o(.text)
    TIM_OC3FastConfig                        0x08001c6f   Thumb Code    16  stm32f10x_tim.o(.text)
    TIM_OC4FastConfig                        0x08001c7f   Thumb Code    20  stm32f10x_tim.o(.text)
    TIM_ClearOC1Ref                          0x08001c93   Thumb Code    16  stm32f10x_tim.o(.text)
    TIM_ClearOC2Ref                          0x08001ca3   Thumb Code    18  stm32f10x_tim.o(.text)
    TIM_ClearOC3Ref                          0x08001cb5   Thumb Code    16  stm32f10x_tim.o(.text)
    TIM_ClearOC4Ref                          0x08001cc5   Thumb Code    18  stm32f10x_tim.o(.text)
    TIM_OC1PolarityConfig                    0x08001cd7   Thumb Code    16  stm32f10x_tim.o(.text)
    TIM_OC1NPolarityConfig                   0x08001ce7   Thumb Code    16  stm32f10x_tim.o(.text)
    TIM_OC2PolarityConfig                    0x08001cf7   Thumb Code    20  stm32f10x_tim.o(.text)
    TIM_OC2NPolarityConfig                   0x08001d0b   Thumb Code    20  stm32f10x_tim.o(.text)
    TIM_OC3PolarityConfig                    0x08001d1f   Thumb Code    20  stm32f10x_tim.o(.text)
    TIM_OC3NPolarityConfig                   0x08001d33   Thumb Code    20  stm32f10x_tim.o(.text)
    TIM_OC4PolarityConfig                    0x08001d47   Thumb Code    20  stm32f10x_tim.o(.text)
    TIM_CCxCmd                               0x08001d5b   Thumb Code    30  stm32f10x_tim.o(.text)
    TIM_CCxNCmd                              0x08001d79   Thumb Code    30  stm32f10x_tim.o(.text)
    TIM_SelectOCxM                           0x08001d97   Thumb Code   142  stm32f10x_tim.o(.text)
    TIM_UpdateDisableConfig                  0x08001e25   Thumb Code    24  stm32f10x_tim.o(.text)
    TIM_UpdateRequestConfig                  0x08001e3d   Thumb Code    24  stm32f10x_tim.o(.text)
    TIM_SelectHallSensor                     0x08001e55   Thumb Code    24  stm32f10x_tim.o(.text)
    TIM_SelectOnePulseMode                   0x08001e6d   Thumb Code    18  stm32f10x_tim.o(.text)
    TIM_SelectOutputTrigger                  0x08001e7f   Thumb Code    18  stm32f10x_tim.o(.text)
    TIM_SelectSlaveMode                      0x08001e91   Thumb Code    18  stm32f10x_tim.o(.text)
    TIM_SelectMasterSlaveMode                0x08001ea3   Thumb Code    18  stm32f10x_tim.o(.text)
    TIM_SetCounter                           0x08001eb5   Thumb Code     4  stm32f10x_tim.o(.text)
    TIM_SetAutoreload                        0x08001eb9   Thumb Code     4  stm32f10x_tim.o(.text)
    TIM_SetCompare1                          0x08001ebd   Thumb Code     4  stm32f10x_tim.o(.text)
    TIM_SetCompare2                          0x08001ec1   Thumb Code     4  stm32f10x_tim.o(.text)
    TIM_SetCompare3                          0x08001ec5   Thumb Code     4  stm32f10x_tim.o(.text)
    TIM_SetCompare4                          0x08001ec9   Thumb Code     6  stm32f10x_tim.o(.text)
    TIM_SetClockDivision                     0x08001ecf   Thumb Code    14  stm32f10x_tim.o(.text)
    TIM_GetCapture1                          0x08001edd   Thumb Code     6  stm32f10x_tim.o(.text)
    TIM_GetCapture2                          0x08001ee3   Thumb Code     6  stm32f10x_tim.o(.text)
    TIM_GetCapture3                          0x08001ee9   Thumb Code     6  stm32f10x_tim.o(.text)
    TIM_GetCapture4                          0x08001eef   Thumb Code     8  stm32f10x_tim.o(.text)
    TIM_GetCounter                           0x08001ef7   Thumb Code     6  stm32f10x_tim.o(.text)
    TIM_GetPrescaler                         0x08001efd   Thumb Code     6  stm32f10x_tim.o(.text)
    TIM_GetFlagStatus                        0x08001f03   Thumb Code    18  stm32f10x_tim.o(.text)
    TIM_ClearFlag                            0x08001f15   Thumb Code     6  stm32f10x_tim.o(.text)
    TIM_GetITStatus                          0x08001f1b   Thumb Code    34  stm32f10x_tim.o(.text)
    TIM_ClearITPendingBit                    0x08001f3d   Thumb Code     6  stm32f10x_tim.o(.text)
    SysTick_CLKSourceConfig                  0x08001f43   Thumb Code    40  stm32f10x_systick.o(.text)
    SysTick_SetReload                        0x08001f6b   Thumb Code     8  stm32f10x_systick.o(.text)
    SysTick_CounterCmd                       0x08001f73   Thumb Code    54  stm32f10x_systick.o(.text)
    SysTick_ITConfig                         0x08001fa9   Thumb Code    38  stm32f10x_systick.o(.text)
    SysTick_GetCounter                       0x08001fcf   Thumb Code     8  stm32f10x_systick.o(.text)
    SysTick_GetFlagStatus                    0x08001fd7   Thumb Code    46  stm32f10x_systick.o(.text)
    NMIException                             0x08002005   Thumb Code     2  stm32f10x_it.o(.text)
    HardFaultException                       0x08002007   Thumb Code     4  stm32f10x_it.o(.text)
    MemManageException                       0x0800200b   Thumb Code     4  stm32f10x_it.o(.text)
    BusFaultException                        0x0800200f   Thumb Code     4  stm32f10x_it.o(.text)
    UsageFaultException                      0x08002013   Thumb Code     4  stm32f10x_it.o(.text)
    DebugMonitor                             0x08002017   Thumb Code     2  stm32f10x_it.o(.text)
    SVCHandler                               0x08002019   Thumb Code     2  stm32f10x_it.o(.text)
    PendSVC                                  0x0800201b   Thumb Code     2  stm32f10x_it.o(.text)
    SysTickHandler                           0x0800201d   Thumb Code     2  stm32f10x_it.o(.text)
    WWDG_IRQHandler                          0x0800201f   Thumb Code     2  stm32f10x_it.o(.text)
    PVD_IRQHandler                           0x08002021   Thumb Code     2  stm32f10x_it.o(.text)
    TAMPER_IRQHandler                        0x08002023   Thumb Code     2  stm32f10x_it.o(.text)
    RTC_IRQHandler                           0x08002025   Thumb Code     2  stm32f10x_it.o(.text)
    FLASH_IRQHandler                         0x08002027   Thumb Code     2  stm32f10x_it.o(.text)
    RCC_IRQHandler                           0x08002029   Thumb Code     2  stm32f10x_it.o(.text)
    EXTI0_IRQHandler                         0x0800202b   Thumb Code     2  stm32f10x_it.o(.text)
    EXTI1_IRQHandler                         0x0800202d   Thumb Code     2  stm32f10x_it.o(.text)
    EXTI2_IRQHandler                         0x0800202f   Thumb Code     2  stm32f10x_it.o(.text)
    EXTI3_IRQHandler                         0x08002031   Thumb Code     2  stm32f10x_it.o(.text)
    EXTI4_IRQHandler                         0x08002033   Thumb Code     2  stm32f10x_it.o(.text)
    DMA1_Channel1_IRQHandler                 0x08002035   Thumb Code     2  stm32f10x_it.o(.text)
    DMA1_Channel2_IRQHandler                 0x08002037   Thumb Code     2  stm32f10x_it.o(.text)
    DMA1_Channel3_IRQHandler                 0x08002039   Thumb Code     2  stm32f10x_it.o(.text)
    DMA1_Channel4_IRQHandler                 0x0800203b   Thumb Code     2  stm32f10x_it.o(.text)
    DMA1_Channel5_IRQHandler                 0x0800203d   Thumb Code     2  stm32f10x_it.o(.text)
    DMA1_Channel6_IRQHandler                 0x0800203f   Thumb Code     2  stm32f10x_it.o(.text)
    DMA1_Channel7_IRQHandler                 0x08002041   Thumb Code     2  stm32f10x_it.o(.text)
    ADC1_2_IRQHandler                        0x08002043   Thumb Code     2  stm32f10x_it.o(.text)
    USB_HP_CAN_TX_IRQHandler                 0x08002045   Thumb Code     2  stm32f10x_it.o(.text)
    USB_LP_CAN_RX0_IRQHandler                0x08002047   Thumb Code     2  stm32f10x_it.o(.text)
    CAN_RX1_IRQHandler                       0x08002049   Thumb Code     2  stm32f10x_it.o(.text)
    CAN_SCE_IRQHandler                       0x0800204b   Thumb Code     2  stm32f10x_it.o(.text)
    EXTI9_5_IRQHandler                       0x0800204d   Thumb Code     2  stm32f10x_it.o(.text)
    TIM1_BRK_IRQHandler                      0x0800204f   Thumb Code     2  stm32f10x_it.o(.text)
    TIM1_UP_IRQHandler                       0x08002051   Thumb Code     2  stm32f10x_it.o(.text)
    TIM1_TRG_COM_IRQHandler                  0x08002053   Thumb Code     2  stm32f10x_it.o(.text)
    TIM1_CC_IRQHandler                       0x08002055   Thumb Code     2  stm32f10x_it.o(.text)
    TIM2_IRQHandler                          0x08002057   Thumb Code    34  stm32f10x_it.o(.text)
    TIM3_IRQHandler                          0x08002079   Thumb Code    60  stm32f10x_it.o(.text)
    TIM4_IRQHandler                          0x080020b5   Thumb Code     2  stm32f10x_it.o(.text)
    I2C1_EV_IRQHandler                       0x080020b7   Thumb Code     2  stm32f10x_it.o(.text)
    I2C1_ER_IRQHandler                       0x080020b9   Thumb Code     2  stm32f10x_it.o(.text)
    I2C2_EV_IRQHandler                       0x080020bb   Thumb Code     2  stm32f10x_it.o(.text)
    I2C2_ER_IRQHandler                       0x080020bd   Thumb Code     2  stm32f10x_it.o(.text)
    SPI1_IRQHandler                          0x080020bf   Thumb Code     2  stm32f10x_it.o(.text)
    SPI2_IRQHandler                          0x080020c1   Thumb Code     2  stm32f10x_it.o(.text)
    USART1_IRQHandler                        0x080020c3   Thumb Code     2  stm32f10x_it.o(.text)
    USART2_IRQHandler                        0x080020c5   Thumb Code     2  stm32f10x_it.o(.text)
    USART3_IRQHandler                        0x080020c7   Thumb Code    44  stm32f10x_it.o(.text)
    EXTI15_10_IRQHandler                     0x080020f3   Thumb Code     2  stm32f10x_it.o(.text)
    RTCAlarm_IRQHandler                      0x080020f5   Thumb Code     2  stm32f10x_it.o(.text)
    USBWakeUp_IRQHandler                     0x080020f7   Thumb Code     2  stm32f10x_it.o(.text)
    TIM8_BRK_IRQHandler                      0x080020f9   Thumb Code     2  stm32f10x_it.o(.text)
    TIM8_UP_IRQHandler                       0x080020fb   Thumb Code     2  stm32f10x_it.o(.text)
    TIM8_TRG_COM_IRQHandler                  0x080020fd   Thumb Code     2  stm32f10x_it.o(.text)
    TIM8_CC_IRQHandler                       0x080020ff   Thumb Code     2  stm32f10x_it.o(.text)
    ADC3_IRQHandler                          0x08002101   Thumb Code     2  stm32f10x_it.o(.text)
    FSMC_IRQHandler                          0x08002103   Thumb Code     2  stm32f10x_it.o(.text)
    SDIO_IRQHandler                          0x08002105   Thumb Code     2  stm32f10x_it.o(.text)
    TIM5_IRQHandler                          0x08002107   Thumb Code     2  stm32f10x_it.o(.text)
    SPI3_IRQHandler                          0x08002109   Thumb Code     2  stm32f10x_it.o(.text)
    UART4_IRQHandler                         0x0800210b   Thumb Code     2  stm32f10x_it.o(.text)
    UART5_IRQHandler                         0x0800210d   Thumb Code     2  stm32f10x_it.o(.text)
    TIM6_IRQHandler                          0x0800210f   Thumb Code     2  stm32f10x_it.o(.text)
    TIM7_IRQHandler                          0x08002111   Thumb Code     2  stm32f10x_it.o(.text)
    DMA2_Channel1_IRQHandler                 0x08002113   Thumb Code     2  stm32f10x_it.o(.text)
    DMA2_Channel2_IRQHandler                 0x08002115   Thumb Code     2  stm32f10x_it.o(.text)
    DMA2_Channel3_IRQHandler                 0x08002117   Thumb Code     2  stm32f10x_it.o(.text)
    DMA2_Channel4_5_IRQHandler               0x08002119   Thumb Code     2  stm32f10x_it.o(.text)
    Euler_angles                             0x0800213d   Thumb Code   608  main.o(.text)
    HCSR04_TRIG                              0x0800239d   Thumb Code   114  main.o(.text)
    L298N_Control                            0x0800240f   Thumb Code   170  main.o(.text)
    TM2_init                                 0x080024b9   Thumb Code    60  main.o(.text)
    NVIC_Configuration                       0x080024f5   Thumb Code    62  main.o(.text)
    GPIO_Configurataion                      0x08002533   Thumb Code   316  main.o(.text)
    RCC_Configuration                        0x0800266f   Thumb Code   118  main.o(.text)
    main                                     0x080026e5   Thumb Code   128  main.o(.text)
    systick_configature                      0x08002775   Thumb Code    26  delay.o(.text)
    Delay_Ms                                 0x0800278f   Thumb Code    50  delay.o(.text)
    Delay_S                                  0x080027c1   Thumb Code    22  delay.o(.text)
    Delay_us                                 0x080027d7   Thumb Code    46  delay.o(.text)
    USART_Configurataion                     0x08002805   Thumb Code   112  usart.o(.text)
    USART_Sendstring                         0x08002875   Thumb Code    42  usart.o(.text)
    USART_Readstring                         0x0800289f   Thumb Code    54  usart.o(.text)
    dmp_load_motion_driver_firmware          0x080028e1   Thumb Code    20  anbt_dmp_driver.o(.text)
    dmp_set_orientation                      0x080028f5   Thumb Code   290  anbt_dmp_driver.o(.text)
    dmp_set_gyro_bias                        0x08002a17   Thumb Code   388  anbt_dmp_driver.o(.text)
    dmp_set_accel_bias                       0x08002b9b   Thumb Code   412  anbt_dmp_driver.o(.text)
    dmp_set_fifo_rate                        0x08002d37   Thumb Code    96  anbt_dmp_driver.o(.text)
    dmp_get_fifo_rate                        0x08002d97   Thumb Code    12  anbt_dmp_driver.o(.text)
    dmp_set_tap_thresh                       0x08002da3   Thumb Code   408  anbt_dmp_driver.o(.text)
    dmp_set_tap_axes                         0x08002f3b   Thumb Code    70  anbt_dmp_driver.o(.text)
    dmp_set_tap_count                        0x08002f81   Thumb Code    38  anbt_dmp_driver.o(.text)
    dmp_set_tap_time                         0x08002fa7   Thumb Code    38  anbt_dmp_driver.o(.text)
    dmp_set_tap_time_multi                   0x08002fcd   Thumb Code    38  anbt_dmp_driver.o(.text)
    dmp_set_shake_reject_thresh              0x08002ff3   Thumb Code    56  anbt_dmp_driver.o(.text)
    dmp_set_shake_reject_time                0x0800302b   Thumb Code    38  anbt_dmp_driver.o(.text)
    dmp_set_shake_reject_timeout             0x08003051   Thumb Code    38  anbt_dmp_driver.o(.text)
    dmp_get_pedometer_step_count             0x08003077   Thumb Code    66  anbt_dmp_driver.o(.text)
    dmp_set_pedometer_step_count             0x080030b9   Thumb Code    42  anbt_dmp_driver.o(.text)
    dmp_get_pedometer_walk_time              0x080030e3   Thumb Code   110  anbt_dmp_driver.o(.text)
    dmp_set_pedometer_walk_time              0x08003151   Thumb Code    48  anbt_dmp_driver.o(.text)
    dmp_enable_6x_lp_quat                    0x08003181   Thumb Code    60  anbt_dmp_driver.o(.text)
    dmp_enable_lp_quat                       0x080031bd   Thumb Code    60  anbt_dmp_driver.o(.text)
    dmp_enable_gyro_cal                      0x080031f9   Thumb Code    50  anbt_dmp_driver.o(.text)
    dmp_enable_feature                       0x0800322b   Thumb Code   530  anbt_dmp_driver.o(.text)
    dmp_get_enabled_features                 0x0800343d   Thumb Code    12  anbt_dmp_driver.o(.text)
    dmp_set_interrupt_mode                   0x080034a7   Thumb Code    66  anbt_dmp_driver.o(.text)
    dmp_read_fifo                            0x080034e9   Thumb Code   540  anbt_dmp_driver.o(.text)
    dmp_register_tap_cb                      0x08003705   Thumb Code    10  anbt_dmp_driver.o(.text)
    dmp_register_android_orient_cb           0x0800370f   Thumb Code    10  anbt_dmp_driver.o(.text)
    mpu_set_gyro_fsr                         0x0800371d   Thumb Code   132  anbt_dmp_mpu6050.o(.text)
    mpu_set_accel_fsr                        0x080037a1   Thumb Code   126  anbt_dmp_mpu6050.o(.text)
    mpu_set_lpf                              0x0800381f   Thumb Code   126  anbt_dmp_mpu6050.o(.text)
    mpu_set_int_latched                      0x0800389d   Thumb Code   102  anbt_dmp_mpu6050.o(.text)
    mpu_reset_fifo                           0x0800398d   Thumb Code   454  anbt_dmp_mpu6050.o(.text)
    mpu_configure_fifo                       0x08003b53   Thumb Code   102  anbt_dmp_mpu6050.o(.text)
    mpu_lp_accel_mode                        0x08003bb9   Thumb Code   218  anbt_dmp_mpu6050.o(.text)
    mpu_set_sample_rate                      0x08003c93   Thumb Code   152  anbt_dmp_mpu6050.o(.text)
    mpu_set_bypass                           0x08003d2b   Thumb Code   328  anbt_dmp_mpu6050.o(.text)
    mpu_set_sensors                          0x08003e73   Thumb Code   208  anbt_dmp_mpu6050.o(.text)
    mpu_set_dmp_state                        0x08003f43   Thumb Code   138  anbt_dmp_mpu6050.o(.text)
    mpu_get_gyro_fsr                         0x08003fcd   Thumb Code    64  anbt_dmp_mpu6050.o(.text)
    mpu_get_accel_fsr                        0x0800400d   Thumb Code    72  anbt_dmp_mpu6050.o(.text)
    mpu_get_lpf                              0x08004055   Thumb Code    74  anbt_dmp_mpu6050.o(.text)
    mpu_get_sample_rate                      0x0800409f   Thumb Code    26  anbt_dmp_mpu6050.o(.text)
    mpu_get_fifo_config                      0x080040b9   Thumb Code    12  anbt_dmp_mpu6050.o(.text)
    mpu_get_gyro_sens                        0x08004689   Thumb Code    58  anbt_dmp_mpu6050.o(.text)
    mpu_get_accel_sens                       0x080046c3   Thumb Code    78  anbt_dmp_mpu6050.o(.text)
    mpu_run_self_test                        0x0800490d   Thumb Code   296  anbt_dmp_mpu6050.o(.text)
    mpu_write_mem                            0x08004ac5   Thumb Code   122  anbt_dmp_mpu6050.o(.text)
    mpu_read_mem                             0x08004b3f   Thumb Code   138  anbt_dmp_mpu6050.o(.text)
    mpu_read_fifo_stream                     0x08004bc9   Thumb Code   174  anbt_dmp_mpu6050.o(.text)
    mpu_load_firmware                        0x08004c77   Thumb Code   190  anbt_dmp_mpu6050.o(.text)
    AnBT_DMP_MPU6050_DEV_CFG                 0x08004dab   Thumb Code   420  anbt_dmp_mpu6050.o(.text)
    AnBT_DMP_MPU6050_Init                    0x08004f4f   Thumb Code   302  anbt_dmp_mpu6050.o(.text)
    AnBT_DMP_MPU6050_SEND_DATA_FUN           0x0800507d   Thumb Code    24  anbt_dmp_mpu6050.o(.text)
    ANBT_I2C_Delay                           0x080052a9   Thumb Code    10  anbt_i2c.o(.text)
    ANBT_I2C_Configuration                   0x080052b3   Thumb Code    92  anbt_i2c.o(.text)
    ANBT_I2C_START                           0x0800530f   Thumb Code   102  anbt_i2c.o(.text)
    ANBT_I2C_STOP                            0x08005375   Thumb Code    52  anbt_i2c.o(.text)
    ANBT_I2C_SendACK                         0x080053a9   Thumb Code    52  anbt_i2c.o(.text)
    ANBT_I2C_SendNACK                        0x080053dd   Thumb Code    52  anbt_i2c.o(.text)
    ANBT_I2C_SendByte                        0x08005411   Thumb Code   168  anbt_i2c.o(.text)
    ANBT_I2C_ReceiveByte                     0x080054b9   Thumb Code    96  anbt_i2c.o(.text)
    ANBT_I2C_ReceiveByte_WithACK             0x08005519   Thumb Code    96  anbt_i2c.o(.text)
    ANBT_I2C_Receive6Bytes                   0x08005579   Thumb Code   206  anbt_i2c.o(.text)
    ANBT_I2C_Receive12Bytes                  0x08005647   Thumb Code   216  anbt_i2c.o(.text)
    ANBT_I2C_Receive14Bytes                  0x0800571f   Thumb Code   206  anbt_i2c.o(.text)
    AnBT_DMP_Delay_us                        0x080057ed   Thumb Code    24  anbt_i2c.o(.text)
    AnBT_DMP_Delay_ms                        0x08005805   Thumb Code    24  anbt_i2c.o(.text)
    AnBT_DMP_I2C_Write                       0x0800581d   Thumb Code    70  anbt_i2c.o(.text)
    AnBT_DMP_I2C_Read                        0x08005863   Thumb Code    90  anbt_i2c.o(.text)
    __aeabi_ldivmod                          0x080058c1   Thumb Code   106  ldiv.o(.text)
    __aeabi_memset                           0x0800592b   Thumb Code    14  memseta.o(.text)
    __aeabi_memset4                          0x0800592b   Thumb Code     0  memseta.o(.text)
    __aeabi_memset8                          0x0800592b   Thumb Code     0  memseta.o(.text)
    __aeabi_memclr                           0x08005939   Thumb Code     4  memseta.o(.text)
    __aeabi_memclr4                          0x08005939   Thumb Code     0  memseta.o(.text)
    __aeabi_memclr8                          0x08005939   Thumb Code     0  memseta.o(.text)
    _memset$wrapper                          0x0800593d   Thumb Code    20  memseta.o(.text)
    memcmp                                   0x08005951   Thumb Code    26  memcmp.o(.text)
    __aeabi_fadd                             0x080059e5   Thumb Code    14  fadd.o(.text)
    __aeabi_fsub                             0x080059f3   Thumb Code    14  fadd.o(.text)
    __aeabi_frsub                            0x08005a01   Thumb Code    18  fadd.o(.text)
    __aeabi_fmul                             0x08005a13   Thumb Code   102  fmul.o(.text)
    __aeabi_fdiv                             0x08005a79   Thumb Code   108  fdiv.o(.text)
    __aeabi_dadd                             0x08005bf3   Thumb Code    48  dadd.o(.text)
    __aeabi_dsub                             0x08005c23   Thumb Code    48  dadd.o(.text)
    __aeabi_drsub                            0x08005c53   Thumb Code    48  dadd.o(.text)
    __aeabi_dmul                             0x08005c83   Thumb Code   232  dmul.o(.text)
    __aeabi_ddiv                             0x08005d6b   Thumb Code   248  ddiv.o(.text)
    __aeabi_i2f                              0x08005e63   Thumb Code    20  fflti.o(.text)
    __aeabi_ui2f                             0x08005e77   Thumb Code    10  ffltui.o(.text)
    __aeabi_f2iz                             0x08005e81   Thumb Code    50  ffixi.o(.text)
    __aeabi_f2uiz                            0x08005eb3   Thumb Code    40  ffixui.o(.text)
    __aeabi_f2d                              0x08005edb   Thumb Code    36  f2d.o(.text)
    __aeabi_cdrcmple                         0x08005f01   Thumb Code    74  cdrcmple.o(.text)
    __aeabi_d2f                              0x08005f4d   Thumb Code    58  d2f.o(.text)
    __aeabi_cfcmpeq                          0x08005f89   Thumb Code     0  cfcmple.o(.text)
    __aeabi_cfcmple                          0x08005f89   Thumb Code    20  cfcmple.o(.text)
    __aeabi_cfrcmple                         0x08005f9d   Thumb Code    20  cfrcmple.o(.text)
    __aeabi_uldivmod                         0x08005fb1   Thumb Code    90  uldiv.o(.text)
    __aeabi_llsl                             0x0800600b   Thumb Code    32  llshl.o(.text)
    _ll_shift_l                              0x0800600b   Thumb Code     0  llshl.o(.text)
    __aeabi_llsr                             0x0800602b   Thumb Code    30  llushr.o(.text)
    _ll_ushift_r                             0x0800602b   Thumb Code     0  llushr.o(.text)
    __I$use$fp                               0x08006049   Thumb Code     0  iusefp.o(.text)
    _float_round                             0x08006049   Thumb Code    18  fepilogue.o(.text)
    _float_epilogue                          0x0800605b   Thumb Code    74  fepilogue.o(.text)
    _double_round                            0x080060a5   Thumb Code    54  depilogue.o(.text)
    _double_epilogue                         0x080060db   Thumb Code   142  depilogue.o(.text)
    __ARM_scalbn                             0x0800616d   Thumb Code    36  dscalb.o(.text)
    scalbn                                   0x0800616d   Thumb Code     0  dscalb.o(.text)
    __scatterload                            0x08006191   Thumb Code    28  init.o(.text)
    __scatterload_rt2                        0x08006191   Thumb Code     0  init.o(.text)
    _dsqrt                                   0x080061b5   Thumb Code   176  dsqrt.o(.text)
    __aeabi_cdcmpeq                          0x08006265   Thumb Code     0  cdcmple.o(.text)
    __aeabi_cdcmple                          0x08006265   Thumb Code    74  cdcmple.o(.text)
    __kernel_poly                            0x080062b1   Thumb Code   162  poly.o(i.__kernel_poly)
    __scatterload_copy                       0x08006353   Thumb Code    14  handlers.o(i.__scatterload_copy)
    __scatterload_null                       0x08006361   Thumb Code     2  handlers.o(i.__scatterload_null)
    __scatterload_zeroinit                   0x08006363   Thumb Code    14  handlers.o(i.__scatterload_zeroinit)
    __set_errno                              0x08006371   Thumb Code     6  errno.o(i.__set_errno)
    asin                                     0x0800637d   Thumb Code   582  asin.o(i.asin)
    atan                                     0x08006609   Thumb Code   474  atan.o(i.atan)
    atan2                                    0x08006831   Thumb Code   306  atan2.o(i.atan2)
    sqrt                                     0x080069a9   Thumb Code    62  sqrt.o(i.sqrt)
    reg                                      0x08007608   Data          27  anbt_dmp_mpu6050.o(.constdata)
    hw                                       0x08007624   Data          12  anbt_dmp_mpu6050.o(.constdata)
    test                                     0x08007630   Data          40  anbt_dmp_mpu6050.o(.constdata)
    __mathlib_zero                           0x08007740   Data           8  qnan.o(.constdata)
    Region$$Table$$Base                      0x08007748   Number         0  anon$$obj.o(Region$$Table)
    Region$$Table$$Limit                     0x08007768   Number         0  anon$$obj.o(Region$$Table)
    count                                    0x20000000   Data           4  stm32f10x_it.o(.data)
    count_ms                                 0x20000004   Data           4  stm32f10x_it.o(.data)
    num_flag                                 0x20000008   Data           4  stm32f10x_it.o(.data)
    befrequency                              0x2000000c   Data           4  stm32f10x_it.o(.data)
    CCR3                                     0x20000010   Data           4  stm32f10x_it.o(.data)
    frequency                                0x20000014   Data           4  stm32f10x_it.o(.data)
    temp                                     0x20000018   Data           2  stm32f10x_it.o(.data)
    q0                                       0x20000028   Data           4  main.o(.data)
    q1                                       0x2000002c   Data           4  main.o(.data)
    q2                                       0x20000030   Data           4  main.o(.data)
    q3                                       0x20000034   Data           4  main.o(.data)
    gyro                                     0x20000070   Data           6  anbt_dmp_mpu6050.o(.data)
    accel                                    0x20000076   Data           6  anbt_dmp_mpu6050.o(.data)
    sensors                                  0x2000007c   Data           2  anbt_dmp_mpu6050.o(.data)
    more                                     0x2000007e   Data           1  anbt_dmp_mpu6050.o(.data)
    sensor_timestamp                         0x20000080   Data           4  anbt_dmp_mpu6050.o(.data)
    anbt_mpu6050_quat_data                   0x200000cc   Data          16  anbt_dmp_mpu6050.o(.bss)
    __initial_sp                             0x200002e0   Data           0  stm32f10x.o(STACK)



==============================================================================

Memory Map of the image

  Image Entry point : 0x08000101

  Load Region LR_1 (Base: 0x08000000, Size: 0x000077f0, Max: 0xffffffff, ABSOLUTE)

    Execution Region ER_RO (Base: 0x08000000, Size: 0x00007768, Max: 0xffffffff, ABSOLUTE)

    Base Addr    Size         Type   Attr      Idx    E Section Name        Object

    0x08000000   0x000000ec   Data   RO            3    RESET               stm32f10x.o
    0x080000ec   0x00000000   Code   RO          446  * .ARM.Collect$$$$00000000  entry.o(mc_w.l)
    0x080000ec   0x00000004   Code   RO          499    .ARM.Collect$$$$00000001  entry2.o(mc_w.l)
    0x080000f0   0x00000004   Code   RO          502    .ARM.Collect$$$$00000004  entry5.o(mc_w.l)
    0x080000f4   0x00000008   Code   RO          503    .ARM.Collect$$$$00000007  entry7.o(mc_w.l)
    0x080000fc   0x00000004   Code   RO          500    .ARM.Collect$$$$00002712  entry2.o(mc_w.l)
    0x08000100   0x0000001c   Code   RO            4  * .text               stm32f10x.o
    0x0800011c   0x0000031c   Code   RO           10    .text               stm32f10x_gpio.o
    0x08000438   0x0000038c   Code   RO          116    .text               stm32f10x_rcc.o
    0x080007c4   0x00000530   Code   RO          130    .text               stm32f10x_flash.o
    0x08000cf4   0x00000370   Code   RO          142    .text               stm32f10x_usart.o
    0x08001064   0x000003c4   Code   RO          154    .text               stm32f10x_nvic.o
    0x08001428   0x00000b1a   Code   RO          166    .text               stm32f10x_tim.o
    0x08001f42   0x000000c2   Code   RO          178    .text               stm32f10x_systick.o
    0x08002004   0x00000138   Code   RO          214    .text               stm32f10x_it.o
    0x0800213c   0x00000638   Code   RO          232    .text               main.o
    0x08002774   0x00000090   Code   RO          316    .text               delay.o
    0x08002804   0x000000dc   Code   RO          355    .text               usart.o
    0x080028e0   0x00000e3c   Code   RO          371    .text               anbt_dmp_driver.o
    0x0800371c   0x00001b8c   Code   RO          399    .text               anbt_dmp_mpu6050.o
    0x080052a8   0x00000618   Code   RO          422    .text               anbt_i2c.o
    0x080058c0   0x0000006a   Code   RO          449    .text               ldiv.o(mc_w.l)
    0x0800592a   0x00000026   Code   RO          451    .text               memseta.o(mc_w.l)
    0x08005950   0x0000001a   Code   RO          453    .text               memcmp.o(mc_w.l)
    0x0800596a   0x000000a8   Code   RO          455    .text               fadd.o(mf_w.l)
    0x08005a12   0x00000066   Code   RO          457    .text               fmul.o(mf_w.l)
    0x08005a78   0x0000006c   Code   RO          459    .text               fdiv.o(mf_w.l)
    0x08005ae4   0x0000019e   Code   RO          461    .text               dadd.o(mf_w.l)
    0x08005c82   0x000000e8   Code   RO          463    .text               dmul.o(mf_w.l)
    0x08005d6a   0x000000f8   Code   RO          465    .text               ddiv.o(mf_w.l)
    0x08005e62   0x00000014   Code   RO          467    .text               fflti.o(mf_w.l)
    0x08005e76   0x0000000a   Code   RO          469    .text               ffltui.o(mf_w.l)
    0x08005e80   0x00000032   Code   RO          473    .text               ffixi.o(mf_w.l)
    0x08005eb2   0x00000028   Code   RO          475    .text               ffixui.o(mf_w.l)
    0x08005eda   0x00000024   Code   RO          477    .text               f2d.o(mf_w.l)
    0x08005efe   0x00000002   PAD
    0x08005f00   0x0000004c   Code   RO          479    .text               cdrcmple.o(mf_w.l)
    0x08005f4c   0x0000003a   Code   RO          481    .text               d2f.o(mf_w.l)
    0x08005f86   0x00000002   PAD
    0x08005f88   0x00000014   Code   RO          483    .text               cfcmple.o(mf_w.l)
    0x08005f9c   0x00000014   Code   RO          485    .text               cfrcmple.o(mf_w.l)
    0x08005fb0   0x0000005a   Code   RO          504    .text               uldiv.o(mc_w.l)
    0x0800600a   0x00000020   Code   RO          506    .text               llshl.o(mc_w.l)
    0x0800602a   0x0000001e   Code   RO          508    .text               llushr.o(mc_w.l)
    0x08006048   0x00000000   Code   RO          517    .text               iusefp.o(mc_w.l)
    0x08006048   0x0000005c   Code   RO          518    .text               fepilogue.o(mf_w.l)
    0x080060a4   0x000000c8   Code   RO          520    .text               depilogue.o(mf_w.l)
    0x0800616c   0x00000024   Code   RO          522    .text               dscalb.o(mf_w.l)
    0x08006190   0x00000024   Code   RO          524    .text               init.o(mc_w.l)
    0x080061b4   0x000000b0   Code   RO          526    .text               dsqrt.o(mf_w.l)
    0x08006264   0x0000004c   Code   RO          528    .text               cdcmple.o(mf_w.l)
    0x080062b0   0x000000a2   Code   RO          492    i.__kernel_poly     poly.o(m_ws.l)
    0x08006352   0x0000000e   Code   RO          532    i.__scatterload_copy  handlers.o(mc_w.l)
    0x08006360   0x00000002   Code   RO          533    i.__scatterload_null  handlers.o(mc_w.l)
    0x08006362   0x0000000e   Code   RO          534    i.__scatterload_zeroinit  handlers.o(mc_w.l)
    0x08006370   0x0000000c   Code   RO          512    i.__set_errno       errno.o(mc_w.l)
    0x0800637c   0x0000028c   Code   RO          438    i.asin              asin.o(m_ws.l)
    0x08006608   0x00000228   Code   RO          488    i.atan              atan.o(m_ws.l)
    0x08006830   0x00000178   Code   RO          443    i.atan2             atan2.o(m_ws.l)
    0x080069a8   0x00000054   Code   RO          496    i.sqrt              sqrt.o(m_ws.l)
    0x080069fc   0x00000014   Data   RO          117    .constdata          stm32f10x_rcc.o
    0x08006a10   0x00000bf6   Data   RO          373    .constdata          anbt_dmp_driver.o
    0x08007606   0x00000002   PAD
    0x08007608   0x00000050   Data   RO          401    .constdata          anbt_dmp_mpu6050.o
    0x08007658   0x00000050   Data   RO          439    .constdata          asin.o(m_ws.l)
    0x080076a8   0x00000098   Data   RO          489    .constdata          atan.o(m_ws.l)
    0x08007740   0x00000008   Data   RO          494    .constdata          qnan.o(m_ws.l)
    0x08007748   0x00000020   Data   RO          530    Region$$Table       anon$$obj.o


    Execution Region ER_RW (Base: 0x20000000, Size: 0x00000088, Max: 0xffffffff, ABSOLUTE)

    Base Addr    Size         Type   Attr      Idx    E Section Name        Object

    0x20000000   0x0000001a   Data   RW          215    .data               stm32f10x_it.o
    0x2000001a   0x00000002   PAD
    0x2000001c   0x0000001c   Data   RW          233    .data               main.o
    0x20000038   0x0000004c   Data   RW          402    .data               anbt_dmp_mpu6050.o
    0x20000084   0x00000004   Data   RW          513    .data               errno.o(mc_w.l)


    Execution Region ER_ZI (Base: 0x20000088, Size: 0x00000258, Max: 0xffffffff, ABSOLUTE)

    Base Addr    Size         Type   Attr      Idx    E Section Name        Object

    0x20000088   0x00000032   Zero   RW          356    .bss                usart.o
    0x200000ba   0x00000002   PAD
    0x200000bc   0x00000010   Zero   RW          372    .bss                anbt_dmp_driver.o
    0x200000cc   0x00000010   Zero   RW          400    .bss                anbt_dmp_mpu6050.o
    0x200000dc   0x00000004   PAD
    0x200000e0   0x00000200   Zero   RW            1    STACK               stm32f10x.o


==============================================================================

Image component sizes


      Code (inc. data)   RO Data    RW Data    ZI Data      Debug   Object Name

      3644        130       3062          0         16      14711   anbt_dmp_driver.o
      7052        670         80         76         16      17958   anbt_dmp_mpu6050.o
      1560         14          0          0          0       4984   anbt_i2c.o
       144          0          0          0          0        924   delay.o
      1592         54          0         28          0       6710   main.o
        28          4        236          0        512        432   stm32f10x.o
      1328         38          0          0          0       5886   stm32f10x_flash.o
       796         18          0          0          0      35167   stm32f10x_gpio.o
       312         34          0         26          0       7898   stm32f10x_it.o
         0          0          0          0          0      41204   stm32f10x_lib.o
       964         30          0          0          0       6816   stm32f10x_nvic.o
       908         32         20          0          0       8532   stm32f10x_rcc.o
       194          0          0          0          0       1537   stm32f10x_systick.o
      2842         16          0          0          0      23732   stm32f10x_tim.o
       880         12          0          0          0       7603   stm32f10x_usart.o
       220         12          0          0         50       1313   usart.o

    ----------------------------------------------------------------------
     22464       1064       3432        132        600     185407   Object Totals
         0          0         32          0          0          0   (incl. Generated)
         0          0          2          2          6          3   (incl. Padding)

    ----------------------------------------------------------------------

      Code (inc. data)   RO Data    RW Data    ZI Data      Debug   Library Member Name

       652         70         80          0          0        136   asin.o
       552         78        152          0          0        176   atan.o
       376         70          0          0          0        140   atan2.o
        76          2          0          0          0         68   cdcmple.o
        76          2          0          0          0         68   cdrcmple.o
        20          0          0          0          0         68   cfcmple.o
        20          0          0          0          0         68   cfrcmple.o
        58          0          0          0          0         96   d2f.o
       414          0          0          0          0        184   dadd.o
       248          0          0          0          0         96   ddiv.o
       200          4          0          0          0        136   depilogue.o
       232          0          0          0          0         96   dmul.o
        36          0          0          0          0         80   dscalb.o
       176          0          0          0          0         96   dsqrt.o
         0          0          0          0          0          0   entry.o
         8          4          0          0          0          0   entry2.o
         4          0          0          0          0          0   entry5.o
         8          4          0          0          0          0   entry7.o
        12          6          0          4          0         68   errno.o
        36          0          0          0          0         68   f2d.o
       168          0          0          0          0        144   fadd.o
       108          0          0          0          0         96   fdiv.o
        92          0          0          0          0        152   fepilogue.o
        50          0          0          0          0         68   ffixi.o
        40          0          0          0          0         68   ffixui.o
        20          0          0          0          0         68   fflti.o
        10          0          0          0          0         68   ffltui.o
       102          0          0          0          0         76   fmul.o
        30          0          0          0          0          0   handlers.o
        36          8          0          0          0         68   init.o
         0          0          0          0          0          0   iusefp.o
       106          0          0          0          0         88   ldiv.o
        32          0          0          0          0         68   llshl.o
        30          0          0          0          0         68   llushr.o
        26          0          0          0          0         76   memcmp.o
        38          0          0          0          0        108   memseta.o
       162          0          0          0          0         96   poly.o
         0          0          8          0          0          0   qnan.o
        84         22          0          0          0         84   sqrt.o
        90          0          0          0          0         88   uldiv.o

    ----------------------------------------------------------------------
      4432        270        240          4          0       3128   Library Totals
         4          0          0          0          0          0   (incl. Padding)

    ----------------------------------------------------------------------

      Code (inc. data)   RO Data    RW Data    ZI Data      Debug   Library Name

      1826        240        240          0          0        632   m_ws.l
       420         22          0          4          0        632   mc_w.l
      2182          8          0          0          0       1864   mf_w.l

    ----------------------------------------------------------------------
      4432        270        240          4          0       3128   Library Totals

    ----------------------------------------------------------------------

==============================================================================


      Code (inc. data)   RO Data    RW Data    ZI Data      Debug   

     26896       1334       3672        136        600     185388   Grand Totals
     26896       1334       3672        136        600     185388   ELF Image Totals
     26896       1334       3672        136          0          0   ROM Totals

==============================================================================

    Total RO  Size (Code + RO Data)                30568 (  29.85kB)
    Total RW  Size (RW Data + ZI Data)               736 (   0.72kB)
    Total ROM Size (Code + RO Data + RW Data)      30704 (  29.98kB)

==============================================================================

