<html>
<body>
<pre>
<h1>µVision Build Log</h1>
<h2>Project:</h2>
D:\project\STM32\project\research\first.uvproj
Project File Date:  10/21/2015

<h2>Output:</h2>
compiling main.c...
.\user\AT24C02.h(29): warning:  #1-D: last line of file ends without a newline
library\src\main.h(74): warning:  #1-D: last line of file ends without a newline
library\src\main.c(307): warning:  #177-D: variable "OC" was declared but never referenced
library\src\main.c(423): warning:  #550-D: variable "Yaw" was set but never used
library\src\main.c(424): warning:  #550-D: variable "Roll" was set but never used
library\src\main.c - 0 Error(s), 5 Warning(s).
Build target 'first'
linking...
Program Size: Code=27928 RO-data=3672 RW-data=164 ZI-data=596  
FromELF: creating hex file...
".\obj\first.axf" - 0 Error(s), 0 Warning(s).
Build target 'first'
compiling main.c...
.\user\AT24C02.h(29): warning:  #1-D: last line of file ends without a newline
library\src\main.h(62): error:  #101: "L298N_Control" has already been declared in the current scope
library\src\main.h(85): warning:  #1-D: last line of file ends without a newline
library\src\main.c(307): warning:  #177-D: variable "OC" was declared but never referenced
library\src\main.c(423): warning:  #550-D: variable "Yaw" was set but never used
library\src\main.c(424): warning:  #550-D: variable "Roll" was set but never used
Target not created
Build target 'first'
compiling main.c...
.\user\AT24C02.h(29): warning:  #1-D: last line of file ends without a newline
library\src\main.h(85): warning:  #1-D: last line of file ends without a newline
library\src\main.c(307): warning:  #177-D: variable "OC" was declared but never referenced
library\src\main.c(423): warning:  #550-D: variable "Yaw" was set but never used
library\src\main.c(424): warning:  #550-D: variable "Roll" was set but never used
linking...
Program Size: Code=27928 RO-data=3672 RW-data=164 ZI-data=596  
FromELF: creating hex file...
".\obj\first.axf" - 0 Error(s), 5 Warning(s).
Build target 'first'
linking...
Program Size: Code=27928 RO-data=3672 RW-data=164 ZI-data=596  
FromELF: creating hex file...
".\obj\first.axf" - 0 Error(s), 0 Warning(s).
