<html>
<body>
<pre>
<h1>µVision Build Log</h1>
<h2>Project:</h2>
D:\project\STM32\project\research\first.uvproj
Project File Date:  07/19/2015

<h2>Output:</h2>
Build target 'first'
compiling USART.c...
user\USART.c(45): warning:  #177-D: variable "data" was declared but never referenced
linking...
Program Size: Code=12042 RO-data=290 RW-data=24 ZI-data=512  
FromELF: creating hex file...
".\obj\first.axf" - 0 Error(s), 1 Warning(s).
Build target 'first'
compiling main.c...
library\src\main.c(28): error:  #167: argument of type "char *" is incompatible with parameter of type "USART_TypeDef *"
library\src\main.c(28): error:  #165: too few arguments in function call
library\src\main.c(301): warning:  #1-D: last line of file ends without a newline
compiling USART.c...
user\USART.c(45): warning:  #177-D: variable "data" was declared but never referenced
Target not created
Build target 'first'
compiling main.c...
library\src\main.c(301): warning:  #1-D: last line of file ends without a newline
linking...
Program Size: Code=12050 RO-data=290 RW-data=24 ZI-data=512  
FromELF: creating hex file...
".\obj\first.axf" - 0 Error(s), 1 Warning(s).
Build target 'first'
assembling STM32F10x.s...
compiling stm32f10x_gpio.c...
compiling stm32f10x_lib.c...
compiling stm32f10x_rcc.c...
compiling stm32f10x_flash.c...
compiling stm32f10x_usart.c...
compiling stm32f10x_nvic.c...
compiling stm32f10x_tim.c...
compiling stm32f10x_systick.c...
compiling stm32f10x_exti.c...
compiling stm32f10x_i2c.c...
compiling stm32f10x_it.c...
compiling main.c...
library\src\main.c(301): warning:  #1-D: last line of file ends without a newline
compiling I2C.c...
compiling MPU6050.c...
compiling Delay.c...
compiling USART.c...
user\USART.c(45): warning:  #177-D: variable "data" was declared but never referenced
linking...
Program Size: Code=12050 RO-data=290 RW-data=24 ZI-data=512  
FromELF: creating hex file...
".\obj\first.axf" - 0 Error(s), 2 Warning(s).
Build target 'first'
assembling STM32F10x.s...
compiling stm32f10x_gpio.c...
compiling stm32f10x_lib.c...
compiling stm32f10x_rcc.c...
compiling stm32f10x_flash.c...
compiling stm32f10x_usart.c...
compiling stm32f10x_nvic.c...
compiling stm32f10x_tim.c...
compiling stm32f10x_systick.c...
compiling stm32f10x_exti.c...
compiling stm32f10x_i2c.c...
compiling stm32f10x_it.c...
compiling main.c...
library\src\main.c(301): warning:  #1-D: last line of file ends without a newline
compiling I2C.c...
compiling MPU6050.c...
compiling Delay.c...
compiling USART.c...
user\USART.c(45): warning:  #177-D: variable "data" was declared but never referenced
linking...
Program Size: Code=12050 RO-data=290 RW-data=24 ZI-data=512  
FromELF: creating hex file...
".\obj\first.axf" - 0 Error(s), 2 Warning(s).
Build target 'first'
compiling USART.c...
user\USART.c(45): warning:  #177-D: variable "data" was declared but never referenced
linking...
Program Size: Code=12050 RO-data=290 RW-data=24 ZI-data=512  
FromELF: creating hex file...
".\obj\first.axf" - 0 Error(s), 1 Warning(s).
Build target 'first'
assembling STM32F10x.s...
compiling stm32f10x_gpio.c...
compiling stm32f10x_lib.c...
compiling stm32f10x_rcc.c...
compiling stm32f10x_flash.c...
compiling stm32f10x_usart.c...
compiling stm32f10x_nvic.c...
compiling stm32f10x_tim.c...
compiling stm32f10x_systick.c...
compiling stm32f10x_exti.c...
compiling stm32f10x_i2c.c...
compiling stm32f10x_it.c...
compiling main.c...
library\src\main.c(301): warning:  #1-D: last line of file ends without a newline
compiling I2C.c...
compiling MPU6050.c...
compiling Delay.c...
compiling USART.c...
user\USART.c(45): warning:  #177-D: variable "data" was declared but never referenced
linking...
Program Size: Code=12050 RO-data=290 RW-data=24 ZI-data=512  
FromELF: creating hex file...
".\obj\first.axf" - 0 Error(s), 2 Warning(s).
Build target 'first'
compiling USART.c...
user\USART.c(45): warning:  #550-D: variable "data" was set but never used
linking...
Program Size: Code=12086 RO-data=290 RW-data=24 ZI-data=512  
FromELF: creating hex file...
".\obj\first.axf" - 0 Error(s), 1 Warning(s).
Build target 'first'
assembling STM32F10x.s...
compiling stm32f10x_gpio.c...
compiling stm32f10x_lib.c...
compiling stm32f10x_rcc.c...
compiling stm32f10x_flash.c...
compiling stm32f10x_usart.c...
compiling stm32f10x_nvic.c...
compiling stm32f10x_tim.c...
compiling stm32f10x_systick.c...
compiling stm32f10x_exti.c...
compiling stm32f10x_i2c.c...
compiling stm32f10x_it.c...
compiling main.c...
library\src\main.c(301): warning:  #1-D: last line of file ends without a newline
compiling I2C.c...
compiling MPU6050.c...
compiling Delay.c...
compiling USART.c...
user\USART.c(45): warning:  #550-D: variable "data" was set but never used
linking...
Program Size: Code=12086 RO-data=290 RW-data=24 ZI-data=512  
FromELF: creating hex file...
".\obj\first.axf" - 0 Error(s), 2 Warning(s).
Build target 'first'
compiling USART.c...
user\USART.c(43): error:  #147: declaration is incompatible with "void USART_Readstring(USART_TypeDef *, int)" (declared at line 7 of "user\USART.h")
user\USART.c(53): error:  #120: return value type does not match the function type
Target not created
Build target 'first'
compiling main.c...
library\src\main.c(301): warning:  #1-D: last line of file ends without a newline
compiling USART.c...
user\USART.c(53): error:  #120: return value type does not match the function type
Target not created
Build target 'first'
compiling USART.c...
user\USART.c(53): error:  #120: return value type does not match the function type
Target not created
Build target 'first'
compiling USART.c...
user\USART.c(53): error:  #120: return value type does not match the function type
Target not created
Build target 'first'
compiling USART.c...
user\USART.c(53): error:  #120: return value type does not match the function type
Target not created
Build target 'first'
compiling USART.c...
user\USART.c(53): error:  #120: return value type does not match the function type
Target not created
Build target 'first'
compiling USART.c...
user\USART.c(53): error:  #120: return value type does not match the function type
Target not created
Build target 'first'
compiling main.c...
library\src\main.c(301): warning:  #1-D: last line of file ends without a newline
compiling USART.c...
user\USART.c(53): warning:  #1166-D: returning pointer to local variable
linking...
Program Size: Code=12090 RO-data=290 RW-data=24 ZI-data=512  
FromELF: creating hex file...
".\obj\first.axf" - 0 Error(s), 2 Warning(s).
Build target 'first'
compiling USART.c...
user\USART.c(53): error:  #120: return value type does not match the function type
Target not created
Build target 'first'
compiling USART.c...
user\USART.c(53): warning:  #1166-D: returning pointer to local variable
linking...
Program Size: Code=12090 RO-data=290 RW-data=24 ZI-data=512  
FromELF: creating hex file...
".\obj\first.axf" - 0 Error(s), 1 Warning(s).
Build target 'first'
assembling STM32F10x.s...
compiling stm32f10x_gpio.c...
compiling stm32f10x_lib.c...
compiling stm32f10x_rcc.c...
compiling stm32f10x_flash.c...
compiling stm32f10x_usart.c...
compiling stm32f10x_nvic.c...
compiling stm32f10x_tim.c...
compiling stm32f10x_systick.c...
compiling stm32f10x_exti.c...
compiling stm32f10x_i2c.c...
compiling stm32f10x_it.c...
compiling main.c...
library\src\main.c(301): warning:  #1-D: last line of file ends without a newline
compiling I2C.c...
compiling MPU6050.c...
compiling Delay.c...
compiling USART.c...
user\USART.c(53): warning:  #1166-D: returning pointer to local variable
linking...
Program Size: Code=12090 RO-data=290 RW-data=24 ZI-data=512  
FromELF: creating hex file...
".\obj\first.axf" - 0 Error(s), 2 Warning(s).
Build target 'first'
compiling main.c...
library\src\main.c(301): warning:  #1-D: last line of file ends without a newline
compiling USART.c...
user\USART.c(53): warning:  #1166-D: returning pointer to local variable
linking...
Program Size: Code=12086 RO-data=290 RW-data=24 ZI-data=512  
FromELF: creating hex file...
".\obj\first.axf" - 0 Error(s), 2 Warning(s).
Build target 'first'
compiling USART.c...
user\USART.c(53): error:  #120: return value type does not match the function type
Target not created
Build target 'first'
compiling USART.c...
user\USART.c(53): warning:  #1166-D: returning pointer to local variable
linking...
Program Size: Code=12086 RO-data=290 RW-data=24 ZI-data=512  
FromELF: creating hex file...
".\obj\first.axf" - 0 Error(s), 1 Warning(s).
Build target 'first'
compiling USART.c...
linking...
Program Size: Code=12086 RO-data=290 RW-data=24 ZI-data=568  
FromELF: creating hex file...
".\obj\first.axf" - 0 Error(s), 0 Warning(s).
Build target 'first'
assembling STM32F10x.s...
compiling stm32f10x_gpio.c...
compiling stm32f10x_lib.c...
compiling stm32f10x_rcc.c...
compiling stm32f10x_flash.c...
compiling stm32f10x_usart.c...
compiling stm32f10x_nvic.c...
compiling stm32f10x_tim.c...
compiling stm32f10x_systick.c...
compiling stm32f10x_exti.c...
compiling stm32f10x_i2c.c...
compiling stm32f10x_it.c...
compiling main.c...
library\src\main.c(301): warning:  #1-D: last line of file ends without a newline
compiling I2C.c...
compiling MPU6050.c...
compiling Delay.c...
compiling USART.c...
linking...
Program Size: Code=12086 RO-data=290 RW-data=24 ZI-data=568  
FromELF: creating hex file...
".\obj\first.axf" - 0 Error(s), 1 Warning(s).
Build target 'first'
assembling STM32F10x.s...
compiling stm32f10x_gpio.c...
compiling stm32f10x_lib.c...
compiling stm32f10x_rcc.c...
compiling stm32f10x_flash.c...
compiling stm32f10x_usart.c...
compiling stm32f10x_nvic.c...
compiling stm32f10x_tim.c...
compiling stm32f10x_systick.c...
compiling stm32f10x_exti.c...
compiling stm32f10x_i2c.c...
compiling stm32f10x_it.c...
compiling main.c...
library\src\main.c(301): warning:  #1-D: last line of file ends without a newline
compiling I2C.c...
compiling MPU6050.c...
compiling Delay.c...
compiling USART.c...
linking...
Program Size: Code=12086 RO-data=290 RW-data=24 ZI-data=568  
FromELF: creating hex file...
".\obj\first.axf" - 0 Error(s), 1 Warning(s).
Build target 'first'
assembling STM32F10x.s...
compiling stm32f10x_gpio.c...
compiling stm32f10x_lib.c...
compiling stm32f10x_rcc.c...
compiling stm32f10x_flash.c...
compiling stm32f10x_usart.c...
compiling stm32f10x_nvic.c...
compiling stm32f10x_tim.c...
compiling stm32f10x_systick.c...
compiling stm32f10x_exti.c...
compiling stm32f10x_i2c.c...
compiling stm32f10x_it.c...
compiling main.c...
library\src\main.c(301): warning:  #1-D: last line of file ends without a newline
compiling I2C.c...
compiling MPU6050.c...
compiling Delay.c...
compiling USART.c...
linking...
Program Size: Code=12086 RO-data=290 RW-data=24 ZI-data=568  
FromELF: creating hex file...
".\obj\first.axf" - 0 Error(s), 1 Warning(s).
Build target 'first'
compiling main.c...
.\user\USART.h(8): error:  #79: expected a type specifier
library\src\main.c(301): warning:  #1-D: last line of file ends without a newline
compiling USART.c...
user\USART.h(8): error:  #79: expected a type specifier
user\USART.c(43): error:  #147-D: declaration is incompatible with "char *USART_Readstring(USART_TypeDef *, int, <error-type>)" (declared at line 8 of "user\USART.h")
Target not created
Build target 'first'
compiling main.c...
.\user\USART.h(8): error:  #79: expected a type specifier
library\src\main.c(301): warning:  #1-D: last line of file ends without a newline
compiling USART.c...
user\USART.h(8): error:  #79: expected a type specifier
user\USART.c(43): error:  #147-D: declaration is incompatible with "char *USART_Readstring(USART_TypeDef *, int, <error-type>)" (declared at line 8 of "user\USART.h")
Target not created
Build target 'first'
compiling main.c...
.\user\USART.h(8): error:  #79: expected a type specifier
library\src\main.c(301): warning:  #1-D: last line of file ends without a newline
compiling USART.c...
user\USART.h(8): error:  #79: expected a type specifier
user\USART.c(43): error:  #79: expected a type specifier
user\USART.c(43): error:  #141-D: unnamed prototyped parameters not allowed when body is present
Target not created
Build target 'first'
compiling main.c...
.\user\USART.h(8): error:  #79: expected a type specifier
library\src\main.c(301): warning:  #1-D: last line of file ends without a newline
compiling USART.c...
user\USART.h(8): error:  #79: expected a type specifier
user\USART.c(43): error:  #79: expected a type specifier
user\USART.c(43): error:  #141-D: unnamed prototyped parameters not allowed when body is present
Target not created
Build target 'first'
assembling STM32F10x.s...
compiling stm32f10x_gpio.c...
compiling stm32f10x_lib.c...
compiling stm32f10x_rcc.c...
compiling stm32f10x_flash.c...
compiling stm32f10x_usart.c...
compiling stm32f10x_nvic.c...
compiling stm32f10x_tim.c...
compiling stm32f10x_systick.c...
compiling stm32f10x_exti.c...
compiling stm32f10x_i2c.c...
compiling stm32f10x_it.c...
compiling main.c...
.\user\USART.h(8): error:  #79: expected a type specifier
library\src\main.c(301): warning:  #1-D: last line of file ends without a newline
compiling I2C.c...
compiling MPU6050.c...
compiling Delay.c...
compiling USART.c...
user\USART.h(8): error:  #79: expected a type specifier
user\USART.c(43): error:  #79: expected a type specifier
user\USART.c(43): error:  #141-D: unnamed prototyped parameters not allowed when body is present
Target not created
Build target 'first'
compiling main.c...
library\src\main.c(301): warning:  #1-D: last line of file ends without a newline
compiling USART.c...
linking...
Program Size: Code=12086 RO-data=290 RW-data=24 ZI-data=568  
FromELF: creating hex file...
".\obj\first.axf" - 0 Error(s), 1 Warning(s).
Build target 'first'
assembling STM32F10x.s...
compiling stm32f10x_gpio.c...
compiling stm32f10x_lib.c...
compiling stm32f10x_rcc.c...
compiling stm32f10x_flash.c...
compiling stm32f10x_usart.c...
compiling stm32f10x_nvic.c...
compiling stm32f10x_tim.c...
compiling stm32f10x_systick.c...
compiling stm32f10x_exti.c...
compiling stm32f10x_i2c.c...
compiling stm32f10x_it.c...
compiling main.c...
library\src\main.c(302): warning:  #1-D: last line of file ends without a newline
compiling I2C.c...
compiling MPU6050.c...
compiling Delay.c...
compiling USART.c...
linking...
Program Size: Code=12086 RO-data=290 RW-data=24 ZI-data=568  
FromELF: creating hex file...
".\obj\first.axf" - 0 Error(s), 1 Warning(s).
Build target 'first'
compiling main.c...
library\src\main.c(302): warning:  #1-D: last line of file ends without a newline
linking...
Program Size: Code=12134 RO-data=290 RW-data=24 ZI-data=568  
FromELF: creating hex file...
".\obj\first.axf" - 0 Error(s), 1 Warning(s).

JLink info:
-----------
DLL: V4.08b, compiled Jun 30 2009 19:10:31
Firmware: J-Link ARM V8 compiled Nov 14 2012 22:34:52
Hardware: V8.00
S/N : 91999999 
Feature(s) : RDI,FlashDL,FlashBP,JFlash,GDBFULL 
---
* JLink Info: TotalIRLen = 9, IRPrint = 0x0011
* JLink Info: Found Cortex-M3 r1p1, Little endian.
* JLink Info: TPIU fitted.
* JLink Info: ETM fitted.
* JLink Info:   FPUnit: 6 code (BP) slots and 2 literal slots

Target info:
------------
Device: STM32F103RC
VTarget = 3.319V
State of Pins: 
TCK: 1, TDI: 0, TDO: 1, TMS: 0, TRES: 1, TRST: 1
* JLink Info: TotalIRLen = 9, IRPrint = 0x0011
* JLink Info: Found Cortex-M3 r1p1, Little endian.
* JLink Info: TPIU fitted.
* JLink Info: ETM fitted.
* JLink Info:   FPUnit: 6 code (BP) slots and 2 literal slots
Hardware-Breakpoints: 6
Software-Breakpoints: 2048
Watchpoints:          4
JTAG speed: 3000 kHz
---
* JLink Info: TotalIRLen = 9, IRPrint = 0x0011
* JLink Info: Found Cortex-M3 r1p1, Little endian.
* JLink Info: TPIU fitted.
* JLink Info: ETM fitted.
* JLink Info:   FPUnit: 6 code (BP) slots and 2 literal slots
Full Chip Erase Done.
Load "D:\\project\\STM32\\project\\research\\obj\\first.AXF" 

JLink info:
-----------
DLL: V4.08b, compiled Jun 30 2009 19:10:31
Firmware: J-Link ARM V8 compiled Nov 14 2012 22:34:52
Hardware: V8.00
S/N : 91999999 
Feature(s) : RDI,FlashDL,FlashBP,JFlash,GDBFULL 
---
* JLink Info: TotalIRLen = 9, IRPrint = 0x0011
* JLink Info: Found Cortex-M3 r1p1, Little endian.
* JLink Info: TPIU fitted.
* JLink Info: ETM fitted.
* JLink Info:   FPUnit: 6 code (BP) slots and 2 literal slots

Target info:
------------
Device: STM32F103RC
VTarget = 3.325V
State of Pins: 
TCK: 1, TDI: 0, TDO: 1, TMS: 0, TRES: 1, TRST: 1
* JLink Info: TotalIRLen = 9, IRPrint = 0x0011
* JLink Info: Found Cortex-M3 r1p1, Little endian.
* JLink Info: TPIU fitted.
* JLink Info: ETM fitted.
* JLink Info:   FPUnit: 6 code (BP) slots and 2 literal slots
Hardware-Breakpoints: 6
Software-Breakpoints: 2048
Watchpoints:          4
JTAG speed: 3000 kHz
---
* JLink Info: TotalIRLen = 9, IRPrint = 0x0011
* JLink Info: Found Cortex-M3 r1p1, Little endian.
* JLink Info: TPIU fitted.
* JLink Info: ETM fitted.
* JLink Info:   FPUnit: 6 code (BP) slots and 2 literal slots
Programming Done.
Verify OK.
Build target 'first'
compiling MPU6050.c...
linking...
Program Size: Code=12222 RO-data=290 RW-data=24 ZI-data=568  
FromELF: creating hex file...
".\obj\first.axf" - 0 Error(s), 0 Warning(s).
Build target 'first'
assembling STM32F10x.s...
compiling stm32f10x_gpio.c...
compiling stm32f10x_lib.c...
compiling stm32f10x_rcc.c...
compiling stm32f10x_flash.c...
compiling stm32f10x_usart.c...
compiling stm32f10x_nvic.c...
compiling stm32f10x_tim.c...
compiling stm32f10x_systick.c...
compiling stm32f10x_exti.c...
compiling stm32f10x_i2c.c...
compiling stm32f10x_it.c...
compiling main.c...
library\src\main.c(302): warning:  #1-D: last line of file ends without a newline
compiling I2C.c...
compiling MPU6050.c...
compiling Delay.c...
compiling USART.c...
linking...
Program Size: Code=12222 RO-data=290 RW-data=24 ZI-data=568  
FromELF: creating hex file...
".\obj\first.axf" - 0 Error(s), 1 Warning(s).
Build target 'first'
compiling MPU6050.c...
user\MPU6050.c(53): warning:  #1294-D: Old-style function MPU6050_function
user\MPU6050.c(71): warning:  #940-D: missing return statement at end of non-void function "MPU6050_ACCEL_XOUT"
linking...
Program Size: Code=12182 RO-data=290 RW-data=24 ZI-data=568  
FromELF: creating hex file...
".\obj\first.axf" - 0 Error(s), 2 Warning(s).
Build target 'first'
compiling MPU6050.c...
user\MPU6050.c(53): warning:  #1294-D: Old-style function MPU6050_function
user\MPU6050.c(71): warning:  #940-D: missing return statement at end of non-void function "MPU6050_ACCEL_XOUT"
linking...
Program Size: Code=12182 RO-data=290 RW-data=24 ZI-data=568  
FromELF: creating hex file...
".\obj\first.axf" - 0 Error(s), 2 Warning(s).
Build target 'first'
assembling STM32F10x.s...
compiling stm32f10x_gpio.c...
compiling stm32f10x_lib.c...
compiling stm32f10x_rcc.c...
compiling stm32f10x_flash.c...
compiling stm32f10x_usart.c...
compiling stm32f10x_nvic.c...
compiling stm32f10x_tim.c...
compiling stm32f10x_systick.c...
compiling stm32f10x_exti.c...
compiling stm32f10x_i2c.c...
compiling stm32f10x_it.c...
compiling main.c...
.\user\MPU6050.h(11): error:  #92: identifier-list parameters may only be used in a function definition
library\src\main.c(302): warning:  #1-D: last line of file ends without a newline
compiling I2C.c...
compiling MPU6050.c...
user\MPU6050.h(11): error:  #92: identifier-list parameters may only be used in a function definition
user\MPU6050.c(53): warning:  #1294-D: Old-style function MPU6050_function
compiling Delay.c...
compiling USART.c...
Target not created
Build target 'first'
compiling main.c...
.\user\MPU6050.h(11): error:  #92: identifier-list parameters may only be used in a function definition
library\src\main.c(302): warning:  #1-D: last line of file ends without a newline
compiling MPU6050.c...
user\MPU6050.h(11): error:  #92: identifier-list parameters may only be used in a function definition
user\MPU6050.c(53): warning:  #1294-D: Old-style function MPU6050_Get
Target not created
Build target 'first'
assembling STM32F10x.s...
compiling stm32f10x_gpio.c...
compiling stm32f10x_lib.c...
compiling stm32f10x_rcc.c...
compiling stm32f10x_flash.c...
compiling stm32f10x_usart.c...
compiling stm32f10x_nvic.c...
compiling stm32f10x_tim.c...
compiling stm32f10x_systick.c...
compiling stm32f10x_exti.c...
compiling stm32f10x_i2c.c...
compiling stm32f10x_it.c...
compiling main.c...
.\user\MPU6050.h(13): error:  #92: identifier-list parameters may only be used in a function definition
library\src\main.c(302): warning:  #1-D: last line of file ends without a newline
compiling I2C.c...
compiling MPU6050.c...
user\MPU6050.h(13): error:  #92: identifier-list parameters may only be used in a function definition
user\MPU6050.c(53): warning:  #1294-D: Old-style function MPU6050_Get
compiling Delay.c...
compiling USART.c...
Target not created
Build target 'first'
compiling main.c...
.\user\MPU6050.h(13): error:  #92: identifier-list parameters may only be used in a function definition
library\src\main.c(302): warning:  #1-D: last line of file ends without a newline
compiling MPU6050.c...
user\MPU6050.h(13): error:  #92: identifier-list parameters may only be used in a function definition
user\MPU6050.c(53): warning:  #1294-D: Old-style function MPU6050_Get
Target not created
Build target 'first'
compiling main.c...
.\user\MPU6050.h(13): error:  #92: identifier-list parameters may only be used in a function definition
library\src\main.c(302): warning:  #1-D: last line of file ends without a newline
compiling MPU6050.c...
user\MPU6050.h(13): error:  #92: identifier-list parameters may only be used in a function definition
user\MPU6050.c(53): warning:  #1294-D: Old-style function MPU6050_Get
Target not created
Build target 'first'
assembling STM32F10x.s...
compiling stm32f10x_gpio.c...
compiling stm32f10x_lib.c...
compiling stm32f10x_rcc.c...
compiling stm32f10x_flash.c...
compiling stm32f10x_usart.c...
compiling stm32f10x_nvic.c...
compiling stm32f10x_tim.c...
compiling stm32f10x_systick.c...
compiling stm32f10x_exti.c...
compiling stm32f10x_i2c.c...
compiling stm32f10x_it.c...
compiling main.c...
.\user\MPU6050.h(13): error:  #92: identifier-list parameters may only be used in a function definition
library\src\main.c(302): warning:  #1-D: last line of file ends without a newline
compiling I2C.c...
compiling MPU6050.c...
user\MPU6050.h(13): error:  #92: identifier-list parameters may only be used in a function definition
user\MPU6050.c(53): warning:  #1294-D: Old-style function MPU6050_Get
compiling Delay.c...
compiling USART.c...
Target not created
Build target 'first'
compiling main.c...
.\user\MPU6050.h(13): error:  #92: identifier-list parameters may only be used in a function definition
library\src\main.c(302): warning:  #1-D: last line of file ends without a newline
compiling MPU6050.c...
user\MPU6050.h(13): error:  #92: identifier-list parameters may only be used in a function definition
user\MPU6050.c(53): warning:  #1294-D: Old-style function MPU6050_Get
Target not created
Build target 'first'
compiling main.c...
.\user\MPU6050.h(13): error:  #92: identifier-list parameters may only be used in a function definition
library\src\main.c(302): warning:  #1-D: last line of file ends without a newline
compiling MPU6050.c...
user\MPU6050.h(13): error:  #92: identifier-list parameters may only be used in a function definition
user\MPU6050.c(53): warning:  #1294-D: Old-style function MPU6050_Get
Target not created
Build target 'first'
assembling STM32F10x.s...
compiling stm32f10x_gpio.c...
compiling stm32f10x_lib.c...
compiling stm32f10x_rcc.c...
compiling stm32f10x_flash.c...
compiling stm32f10x_usart.c...
compiling stm32f10x_nvic.c...
compiling stm32f10x_tim.c...
compiling stm32f10x_systick.c...
compiling stm32f10x_exti.c...
compiling stm32f10x_i2c.c...
compiling stm32f10x_it.c...
compiling main.c...
.\user\MPU6050.h(13): error:  #92: identifier-list parameters may only be used in a function definition
library\src\main.c(302): warning:  #1-D: last line of file ends without a newline
compiling I2C.c...
compiling MPU6050.c...
user\MPU6050.h(13): error:  #92: identifier-list parameters may only be used in a function definition
compiling Delay.c...
compiling USART.c...
Target not created
Build target 'first'
assembling STM32F10x.s...
compiling stm32f10x_gpio.c...
compiling stm32f10x_lib.c...
compiling stm32f10x_rcc.c...
compiling stm32f10x_flash.c...
compiling stm32f10x_usart.c...
compiling stm32f10x_nvic.c...
compiling stm32f10x_tim.c...
compiling stm32f10x_systick.c...
compiling stm32f10x_exti.c...
compiling stm32f10x_i2c.c...
compiling stm32f10x_it.c...
compiling main.c...
library\src\main.c(302): warning:  #1-D: last line of file ends without a newline
compiling I2C.c...
compiling MPU6050.c...
compiling Delay.c...
compiling USART.c...
linking...
Program Size: Code=12134 RO-data=290 RW-data=24 ZI-data=568  
FromELF: creating hex file...
".\obj\first.axf" - 0 Error(s), 1 Warning(s).
Build target 'first'
assembling STM32F10x.s...
compiling stm32f10x_gpio.c...
compiling stm32f10x_lib.c...
compiling stm32f10x_rcc.c...
compiling stm32f10x_flash.c...
compiling stm32f10x_usart.c...
compiling stm32f10x_nvic.c...
compiling stm32f10x_tim.c...
compiling stm32f10x_systick.c...
compiling stm32f10x_exti.c...
compiling stm32f10x_i2c.c...
compiling stm32f10x_it.c...
compiling main.c...
.\user\MPU6050.h(13): error:  #92: identifier-list parameters may only be used in a function definition
library\src\main.c(302): warning:  #1-D: last line of file ends without a newline
compiling I2C.c...
compiling MPU6050.c...
user\MPU6050.h(13): error:  #92: identifier-list parameters may only be used in a function definition
user\MPU6050.c(53): warning:  #1294-D: Old-style function MPU6050_Get
compiling Delay.c...
compiling USART.c...
Target not created
Build target 'first'
assembling STM32F10x.s...
compiling stm32f10x_gpio.c...
compiling stm32f10x_lib.c...
compiling stm32f10x_rcc.c...
compiling stm32f10x_flash.c...
compiling stm32f10x_usart.c...
compiling stm32f10x_nvic.c...
compiling stm32f10x_tim.c...
compiling stm32f10x_systick.c...
compiling stm32f10x_exti.c...
compiling stm32f10x_i2c.c...
compiling stm32f10x_it.c...
compiling main.c...
library\src\main.c(302): warning:  #1-D: last line of file ends without a newline
compiling I2C.c...
compiling MPU6050.c...
user\MPU6050.c(53): warning:  #1294-D: Old-style function MPU6050_Get
compiling Delay.c...
compiling USART.c...
linking...
Program Size: Code=12186 RO-data=290 RW-data=24 ZI-data=568  
FromELF: creating hex file...
".\obj\first.axf" - 0 Error(s), 2 Warning(s).
Build target 'first'
compiling main.c...
library\src\main.c(302): warning:  #1-D: last line of file ends without a newline
compiling MPU6050.c...
user\MPU6050.c(53): warning:  #1294-D: Old-style function MPU6050_Get
linking...
Program Size: Code=12194 RO-data=290 RW-data=24 ZI-data=568  
FromELF: creating hex file...
".\obj\first.axf" - 0 Error(s), 2 Warning(s).
Build target 'first'
assembling STM32F10x.s...
compiling stm32f10x_gpio.c...
compiling stm32f10x_lib.c...
compiling stm32f10x_rcc.c...
compiling stm32f10x_flash.c...
compiling stm32f10x_usart.c...
compiling stm32f10x_nvic.c...
compiling stm32f10x_tim.c...
compiling stm32f10x_systick.c...
compiling stm32f10x_exti.c...
compiling stm32f10x_i2c.c...
compiling stm32f10x_it.c...
compiling main.c...
library\src\main.c(302): warning:  #1-D: last line of file ends without a newline
compiling I2C.c...
compiling MPU6050.c...
user\MPU6050.c(53): warning:  #1294-D: Old-style function MPU6050_Get
compiling Delay.c...
compiling USART.c...
linking...
Program Size: Code=12194 RO-data=290 RW-data=24 ZI-data=568  
FromELF: creating hex file...
".\obj\first.axf" - 0 Error(s), 2 Warning(s).
Build target 'first'
assembling STM32F10x.s...
compiling stm32f10x_gpio.c...
compiling stm32f10x_lib.c...
compiling stm32f10x_rcc.c...
compiling stm32f10x_flash.c...
compiling stm32f10x_usart.c...
compiling stm32f10x_nvic.c...
compiling stm32f10x_tim.c...
compiling stm32f10x_systick.c...
compiling stm32f10x_exti.c...
compiling stm32f10x_i2c.c...
compiling stm32f10x_it.c...
compiling main.c...
library\src\main.c(302): warning:  #1-D: last line of file ends without a newline
compiling I2C.c...
compiling MPU6050.c...
compiling Delay.c...
compiling USART.c...
linking...
Program Size: Code=12194 RO-data=290 RW-data=24 ZI-data=568  
FromELF: creating hex file...
".\obj\first.axf" - 0 Error(s), 1 Warning(s).
Build target 'first'
assembling STM32F10x.s...
compiling stm32f10x_gpio.c...
compiling stm32f10x_lib.c...
compiling stm32f10x_rcc.c...
compiling stm32f10x_flash.c...
compiling stm32f10x_usart.c...
compiling stm32f10x_nvic.c...
compiling stm32f10x_tim.c...
compiling stm32f10x_systick.c...
compiling stm32f10x_exti.c...
compiling stm32f10x_i2c.c...
compiling stm32f10x_it.c...
compiling main.c...
library\src\main.c(302): warning:  #1-D: last line of file ends without a newline
compiling I2C.c...
compiling MPU6050.c...
compiling Delay.c...
compiling USART.c...
linking...
Program Size: Code=12194 RO-data=290 RW-data=24 ZI-data=568  
FromELF: creating hex file...
".\obj\first.axf" - 0 Error(s), 1 Warning(s).
Build target 'first'
compiling MPU6050.c...
linking...
Program Size: Code=12190 RO-data=290 RW-data=24 ZI-data=568  
FromELF: creating hex file...
".\obj\first.axf" - 0 Error(s), 0 Warning(s).
Build target 'first'
assembling STM32F10x.s...
compiling stm32f10x_gpio.c...
compiling stm32f10x_lib.c...
compiling stm32f10x_rcc.c...
compiling stm32f10x_flash.c...
compiling stm32f10x_usart.c...
compiling stm32f10x_nvic.c...
compiling stm32f10x_tim.c...
compiling stm32f10x_systick.c...
compiling stm32f10x_exti.c...
compiling stm32f10x_i2c.c...
compiling stm32f10x_it.c...
compiling main.c...
library\src\main.c(302): warning:  #1-D: last line of file ends without a newline
compiling I2C.c...
compiling MPU6050.c...
compiling Delay.c...
compiling USART.c...
linking...
Program Size: Code=12190 RO-data=290 RW-data=24 ZI-data=568  
FromELF: creating hex file...
".\obj\first.axf" - 0 Error(s), 1 Warning(s).
Build target 'first'
assembling STM32F10x.s...
compiling stm32f10x_gpio.c...
compiling stm32f10x_lib.c...
compiling stm32f10x_rcc.c...
compiling stm32f10x_flash.c...
compiling stm32f10x_usart.c...
compiling stm32f10x_nvic.c...
compiling stm32f10x_tim.c...
compiling stm32f10x_systick.c...
compiling stm32f10x_exti.c...
compiling stm32f10x_i2c.c...
compiling stm32f10x_it.c...
compiling main.c...
library\src\main.c(302): warning:  #1-D: last line of file ends without a newline
compiling I2C.c...
compiling MPU6050.c...
compiling Delay.c...
compiling USART.c...
linking...
Program Size: Code=12210 RO-data=290 RW-data=24 ZI-data=568  
FromELF: creating hex file...
".\obj\first.axf" - 0 Error(s), 1 Warning(s).
Build target 'first'
assembling STM32F10x.s...
compiling stm32f10x_gpio.c...
compiling stm32f10x_lib.c...
compiling stm32f10x_rcc.c...
compiling stm32f10x_flash.c...
compiling stm32f10x_usart.c...
compiling stm32f10x_nvic.c...
compiling stm32f10x_tim.c...
compiling stm32f10x_systick.c...
compiling stm32f10x_exti.c...
compiling stm32f10x_i2c.c...
compiling stm32f10x_it.c...
compiling main.c...
library\src\main.c(302): warning:  #1-D: last line of file ends without a newline
compiling I2C.c...
compiling MPU6050.c...
compiling Delay.c...
compiling USART.c...
linking...
Program Size: Code=12210 RO-data=290 RW-data=24 ZI-data=568  
FromELF: creating hex file...
".\obj\first.axf" - 0 Error(s), 1 Warning(s).
Build target 'first'
linking...
Program Size: Code=12210 RO-data=290 RW-data=24 ZI-data=568  
FromELF: creating hex file...
".\obj\first.axf" - 0 Error(s), 0 Warning(s).
Build target 'first'
assembling STM32F10x.s...
compiling stm32f10x_gpio.c...
compiling stm32f10x_lib.c...
compiling stm32f10x_rcc.c...
compiling stm32f10x_flash.c...
compiling stm32f10x_usart.c...
compiling stm32f10x_nvic.c...
compiling stm32f10x_tim.c...
compiling stm32f10x_systick.c...
compiling stm32f10x_exti.c...
compiling stm32f10x_i2c.c...
compiling stm32f10x_it.c...
compiling main.c...
library\src\main.c(302): warning:  #1-D: last line of file ends without a newline
compiling I2C.c...
compiling MPU6050.c...
compiling Delay.c...
compiling USART.c...
linking...
Program Size: Code=12210 RO-data=290 RW-data=24 ZI-data=568  
FromELF: creating hex file...
".\obj\first.axf" - 0 Error(s), 1 Warning(s).
Build target 'first'
assembling STM32F10x.s...
compiling stm32f10x_gpio.c...
compiling stm32f10x_lib.c...
compiling stm32f10x_rcc.c...
compiling stm32f10x_flash.c...
compiling stm32f10x_usart.c...
compiling stm32f10x_nvic.c...
compiling stm32f10x_tim.c...
compiling stm32f10x_systick.c...
compiling stm32f10x_exti.c...
compiling stm32f10x_i2c.c...
compiling stm32f10x_it.c...
compiling main.c...
library\src\main.c(302): warning:  #1-D: last line of file ends without a newline
compiling I2C.c...
compiling MPU6050.c...
compiling Delay.c...
compiling USART.c...
linking...
Program Size: Code=12210 RO-data=290 RW-data=24 ZI-data=568  
FromELF: creating hex file...
".\obj\first.axf" - 0 Error(s), 1 Warning(s).
Build target 'first'
assembling STM32F10x.s...
compiling stm32f10x_gpio.c...
compiling stm32f10x_lib.c...
compiling stm32f10x_rcc.c...
compiling stm32f10x_flash.c...
compiling stm32f10x_usart.c...
compiling stm32f10x_nvic.c...
compiling stm32f10x_tim.c...
compiling stm32f10x_systick.c...
compiling stm32f10x_exti.c...
compiling stm32f10x_i2c.c...
compiling stm32f10x_it.c...
compiling main.c...
library\src\main.c(302): warning:  #1-D: last line of file ends without a newline
compiling I2C.c...
compiling MPU6050.c...
compiling Delay.c...
compiling USART.c...
linking...
Program Size: Code=12210 RO-data=290 RW-data=24 ZI-data=568  
FromELF: creating hex file...
".\obj\first.axf" - 0 Error(s), 1 Warning(s).
Build target 'first'
assembling STM32F10x.s...
compiling stm32f10x_gpio.c...
compiling stm32f10x_lib.c...
compiling stm32f10x_rcc.c...
compiling stm32f10x_flash.c...
compiling stm32f10x_usart.c...
compiling stm32f10x_nvic.c...
compiling stm32f10x_tim.c...
compiling stm32f10x_systick.c...
compiling stm32f10x_exti.c...
compiling stm32f10x_i2c.c...
compiling stm32f10x_it.c...
compiling main.c...
library\src\main.c(302): warning:  #1-D: last line of file ends without a newline
compiling I2C.c...
compiling MPU6050.c...
compiling Delay.c...
compiling USART.c...
linking...
Program Size: Code=12210 RO-data=290 RW-data=24 ZI-data=568  
FromELF: creating hex file...
".\obj\first.axf" - 0 Error(s), 1 Warning(s).
